C:/Github/ASN_controls_repo/c_board_repo/libraries/src/DBUS_DR16.c:23:18:DBUS_DR16	16	static
C:/Github/ASN_controls_repo/c_board_repo/libraries/src/DBUS_DR16.c:30:6:DBUS_DR16_Recieve	24	static
C:/Github/ASN_controls_repo/c_board_repo/libraries/src/DBUS_DR16.c:36:9:getDR16_CH0	4	static
C:/Github/ASN_controls_repo/c_board_repo/libraries/src/DBUS_DR16.c:41:9:getDR16_CH1	4	static
C:/Github/ASN_controls_repo/c_board_repo/libraries/src/DBUS_DR16.c:46:9:getDR16_CH2	4	static
C:/Github/ASN_controls_repo/c_board_repo/libraries/src/DBUS_DR16.c:51:9:getDR16_CH3	4	static
C:/Github/ASN_controls_repo/c_board_repo/libraries/src/DBUS_DR16.c:55:9:getDR16_CH4	4	static
C:/Github/ASN_controls_repo/c_board_repo/libraries/src/DBUS_DR16.c:59:9:getDR16_S1	4	static
C:/Github/ASN_controls_repo/c_board_repo/libraries/src/DBUS_DR16.c:63:9:getDR16_S2	4	static
C:/Github/ASN_controls_repo/c_board_repo/libraries/src/DBUS_DR16.c:67:9:getDR16_S1UP	4	static
C:/Github/ASN_controls_repo/c_board_repo/libraries/src/DBUS_DR16.c:71:9:getDR16_S1MID	4	static
C:/Github/ASN_controls_repo/c_board_repo/libraries/src/DBUS_DR16.c:75:9:getDR16_S1DWN	4	static
C:/Github/ASN_controls_repo/c_board_repo/libraries/src/DBUS_DR16.c:79:9:getDR16_S2UP	4	static
C:/Github/ASN_controls_repo/c_board_repo/libraries/src/DBUS_DR16.c:83:9:getDR16_S2MID	4	static
C:/Github/ASN_controls_repo/c_board_repo/libraries/src/DBUS_DR16.c:87:9:getDR16_S2DWN	4	static
C:/Github/ASN_controls_repo/c_board_repo/libraries/src/DBUS_DR16.c:91:9:getDR16_W	4	static
C:/Github/ASN_controls_repo/c_board_repo/libraries/src/DBUS_DR16.c:95:9:getDR16_S	4	static
C:/Github/ASN_controls_repo/c_board_repo/libraries/src/DBUS_DR16.c:99:9:getDR16_A	4	static
C:/Github/ASN_controls_repo/c_board_repo/libraries/src/DBUS_DR16.c:103:9:getDR16_D	4	static
C:/Github/ASN_controls_repo/c_board_repo/libraries/src/DBUS_DR16.c:107:9:getDR16_Q	4	static
C:/Github/ASN_controls_repo/c_board_repo/libraries/src/DBUS_DR16.c:111:9:getDR16_E	4	static
C:/Github/ASN_controls_repo/c_board_repo/libraries/src/DBUS_DR16.c:115:9:getDR16_Shift	4	static
C:/Github/ASN_controls_repo/c_board_repo/libraries/src/DBUS_DR16.c:119:9:getDR16_Ctrl	4	static
C:/Github/ASN_controls_repo/c_board_repo/libraries/src/DBUS_DR16.c:123:9:getDR16_R	4	static
C:/Github/ASN_controls_repo/c_board_repo/libraries/src/DBUS_DR16.c:127:9:getDR16_F	4	static
C:/Github/ASN_controls_repo/c_board_repo/libraries/src/DBUS_DR16.c:131:9:getDR16_G	4	static
C:/Github/ASN_controls_repo/c_board_repo/libraries/src/DBUS_DR16.c:135:9:getDR16_Z	4	static
C:/Github/ASN_controls_repo/c_board_repo/libraries/src/DBUS_DR16.c:139:9:getDR16_X	4	static
C:/Github/ASN_controls_repo/c_board_repo/libraries/src/DBUS_DR16.c:143:9:getDR16_C	4	static
C:/Github/ASN_controls_repo/c_board_repo/libraries/src/DBUS_DR16.c:147:9:getDR16_V	4	static
C:/Github/ASN_controls_repo/c_board_repo/libraries/src/DBUS_DR16.c:151:9:getDR16_B	4	static
C:/Github/ASN_controls_repo/c_board_repo/libraries/src/DBUS_DR16.c:155:9:getDR16_MouseX	4	static
C:/Github/ASN_controls_repo/c_board_repo/libraries/src/DBUS_DR16.c:160:9:getDR16_MouseY	4	static
C:/Github/ASN_controls_repo/c_board_repo/libraries/src/DBUS_DR16.c:164:9:getDR16_MouseZ	4	static
C:/Github/ASN_controls_repo/c_board_repo/libraries/src/DBUS_DR16.c:168:9:getDR16_MouseR	4	static
C:/Github/ASN_controls_repo/c_board_repo/libraries/src/DBUS_DR16.c:172:9:getDR16_MouseL	4	static
