C:/Github/ASN_controls_repo/c_board_repo/libraries/src/BMI088.c:120:9:BMI088_init	16	static
C:/Github/ASN_controls_repo/c_board_repo/libraries/src/BMI088.c:133:9:BMI088_accel_init	16	static
C:/Github/ASN_controls_repo/c_board_repo/libraries/src/BMI088.c:188:9:BMI088_gyro_init	16	static
C:/Github/ASN_controls_repo/c_board_repo/libraries/src/BMI088.c:242:7:IMU_get_gyro	16	static
C:/Github/ASN_controls_repo/c_board_repo/libraries/src/BMI088.c:255:7:IMU_get_accel	16	static
C:/Github/ASN_controls_repo/c_board_repo/libraries/src/BMI088.c:268:7:IMU_get_temp	4	static
C:/Github/ASN_controls_repo/c_board_repo/libraries/src/BMI088.c:272:6:BMI088_read	40	static
C:/Github/ASN_controls_repo/c_board_repo/libraries/src/BMI088.c:307:13:BMI088_write_single_reg	16	static
C:/Github/ASN_controls_repo/c_board_repo/libraries/src/BMI088.c:313:13:BMI088_read_single_reg	16	static
C:/Github/ASN_controls_repo/c_board_repo/libraries/src/BMI088.c:319:13:BMI088_read_muli_reg	16	static
C:/Github/ASN_controls_repo/c_board_repo/libraries/src/BMI088.c:332:6:BMI088_delay_ms	16	static
C:/Github/ASN_controls_repo/c_board_repo/libraries/src/BMI088.c:340:6:BMI088_delay_us	40	static
C:/Github/ASN_controls_repo/c_board_repo/libraries/src/BMI088.c:375:6:BMI088_ACCEL_NS_L	8	static
C:/Github/ASN_controls_repo/c_board_repo/libraries/src/BMI088.c:380:6:BMI088_ACCEL_NS_H	8	static
C:/Github/ASN_controls_repo/c_board_repo/libraries/src/BMI088.c:385:6:BMI088_GYRO_NS_L	8	static
C:/Github/ASN_controls_repo/c_board_repo/libraries/src/BMI088.c:390:6:BMI088_GYRO_NS_H	8	static
C:/Github/ASN_controls_repo/c_board_repo/libraries/src/BMI088.c:395:9:BMI088_read_write_byte	32	static
C:/Github/ASN_controls_repo/c_board_repo/libraries/src/BMI088.c:402:6:BMI088_INIT	8	static
C:/Github/ASN_controls_repo/c_board_repo/libraries/src/BMI088.c:427:6:BMI088_Update	24	static
C:/Github/ASN_controls_repo/c_board_repo/libraries/src/BMI088.c:489:6:PID_init	32	static
C:/Github/ASN_controls_repo/c_board_repo/libraries/src/BMI088.c:512:7:PID_calc	24	static
