C:/Github/ASN_controls_repo/c_board_repo/libraries/src/CAN_RMMotors.c:29:17:CAN_RMMotors	16	static
C:/Github/ASN_controls_repo/c_board_repo/libraries/src/CAN_RMMotors.c:35:6:_CAN_RM_Init_Buses	24	static
C:/Github/ASN_controls_repo/c_board_repo/libraries/src/CAN_RMMotors.c:68:9:_CAN_RM_Init	32	static
C:/Github/ASN_controls_repo/c_board_repo/libraries/src/CAN_RMMotors.c:192:6:CAN_RM_DisableBusSending	16	static
C:/Github/ASN_controls_repo/c_board_repo/libraries/src/CAN_RMMotors.c:198:6:setC610Pos	32	static
C:/Github/ASN_controls_repo/c_board_repo/libraries/src/CAN_RMMotors.c:274:6:setC610RPM	32	static
C:/Github/ASN_controls_repo/c_board_repo/libraries/src/CAN_RMMotors.c:334:6:setC620Pos	32	static
C:/Github/ASN_controls_repo/c_board_repo/libraries/src/CAN_RMMotors.c:402:6:setC620RPM	32	static
C:/Github/ASN_controls_repo/c_board_repo/libraries/src/CAN_RMMotors.c:462:6:set6020Pos	32	static
C:/Github/ASN_controls_repo/c_board_repo/libraries/src/CAN_RMMotors.c:534:6:set6020RPM	32	static
C:/Github/ASN_controls_repo/c_board_repo/libraries/src/CAN_RMMotors.c:594:6:CAN_RM_SetCurrent	24	static
C:/Github/ASN_controls_repo/c_board_repo/libraries/src/CAN_RMMotors.c:622:6:CAN_RM_Update	16	static
C:/Github/ASN_controls_repo/c_board_repo/libraries/src/CAN_RMMotors.c:655:6:CAN_RM_Recieve	32	static
C:/Github/ASN_controls_repo/c_board_repo/libraries/src/CAN_RMMotors.c:721:9:getC610Pos	16	static
C:/Github/ASN_controls_repo/c_board_repo/libraries/src/CAN_RMMotors.c:731:9:getC610RPM	16	static
C:/Github/ASN_controls_repo/c_board_repo/libraries/src/CAN_RMMotors.c:741:9:getC620Pos	16	static
C:/Github/ASN_controls_repo/c_board_repo/libraries/src/CAN_RMMotors.c:751:9:getC620RPM	16	static
C:/Github/ASN_controls_repo/c_board_repo/libraries/src/CAN_RMMotors.c:761:9:get6020Pos	16	static
C:/Github/ASN_controls_repo/c_board_repo/libraries/src/CAN_RMMotors.c:771:9:get6020RPM	16	static
C:/Github/ASN_controls_repo/c_board_repo/libraries/src/CAN_RMMotors.c:781:9:get6020Temp	16	static
