../Core/Src/stm32f4xx_it.c:79:6:NMI_Handler	4	static
../Core/Src/stm32f4xx_it.c:94:6:HardFault_Handler	4	static
../Core/Src/stm32f4xx_it.c:109:6:MemManage_Handler	4	static
../Core/Src/stm32f4xx_it.c:124:6:BusFault_Handler	4	static
../Core/Src/stm32f4xx_it.c:139:6:UsageFault_Handler	4	static
../Core/Src/stm32f4xx_it.c:154:6:DebugMon_Handler	4	static
../Core/Src/stm32f4xx_it.c:167:6:SysTick_Handler	8	static
../Core/Src/stm32f4xx_it.c:196:6:DMA1_Stream1_IRQHandler	8	static
../Core/Src/stm32f4xx_it.c:210:6:CAN1_RX0_IRQHandler	8	static
../Core/Src/stm32f4xx_it.c:224:6:USART1_IRQHandler	8	static
../Core/Src/stm32f4xx_it.c:238:6:USART3_IRQHandler	8	static
../Core/Src/stm32f4xx_it.c:252:6:DMA2_Stream1_IRQHandler	8	static
../Core/Src/stm32f4xx_it.c:266:6:DMA2_Stream2_IRQHandler	8	static
../Core/Src/stm32f4xx_it.c:280:6:DMA2_Stream6_IRQHandler	8	static
../Core/Src/stm32f4xx_it.c:294:6:DMA2_Stream7_IRQHandler	8	static
../Core/Src/stm32f4xx_it.c:308:6:USART6_IRQHandler	8	static
