../Core/Src/main.c:111:5:main	8	static
../Core/Src/main.c:202:6:SystemClock_Config	88	static
../Core/Src/main.c:248:13:MX_CAN1_Init	8	static
../Core/Src/main.c:285:13:MX_I2C2_Init	8	static
../Core/Src/main.c:319:13:MX_SPI1_Init	8	static
../Core/Src/main.c:357:13:MX_TIM10_Init	40	static
../Core/Src/main.c:403:13:MX_TIM13_Init	8	static
../Core/Src/main.c:434:13:MX_USART1_UART_Init	8	static
../Core/Src/main.c:467:13:MX_USART3_UART_Init	8	static
../Core/Src/main.c:500:13:MX_USART6_UART_Init	8	static
../Core/Src/main.c:531:13:MX_DMA_Init	16	static
../Core/Src/main.c:562:13:MX_GPIO_Init	56	static
../Core/Src/main.c:621:21:clampFloat	24	static
../Core/Src/main.c:627:6:Gyros_Update	8	static
../Core/Src/main.c:649:6:StartLibraryHandler	24	static
../Core/Src/main.c:685:6:StartMainTask	216	static
../Core/Src/main.c:901:6:Error_Handler	4	static,ignoring_inline_asm
