Archive member included to satisfy reference by file (symbol)

C:/ST/STM32CubeIDE_1.19.0/STM32CubeIDE/plugins/com.st.stm32cube.ide.mcu.externaltools.gnu-tools-for-stm32.13.3.rel1.win32_1.0.0.202411081344/tools/bin/../lib/gcc/arm-none-eabi/13.3.1/../../../../arm-none-eabi/lib/thumb/v7e-m+fp/hard\libc_nano.a(libc_a-calloc.o)
                              ./libraries/src/CAN_Core.o (calloc)
C:/ST/STM32CubeIDE_1.19.0/STM32CubeIDE/plugins/com.st.stm32cube.ide.mcu.externaltools.gnu-tools-for-stm32.13.3.rel1.win32_1.0.0.202411081344/tools/bin/../lib/gcc/arm-none-eabi/13.3.1/../../../../arm-none-eabi/lib/thumb/v7e-m+fp/hard\libc_nano.a(libc_a-callocr.o)
                              C:/ST/STM32CubeIDE_1.19.0/STM32CubeIDE/plugins/com.st.stm32cube.ide.mcu.externaltools.gnu-tools-for-stm32.13.3.rel1.win32_1.0.0.202411081344/tools/bin/../lib/gcc/arm-none-eabi/13.3.1/../../../../arm-none-eabi/lib/thumb/v7e-m+fp/hard\libc_nano.a(libc_a-calloc.o) (_calloc_r)
C:/ST/STM32CubeIDE_1.19.0/STM32CubeIDE/plugins/com.st.stm32cube.ide.mcu.externaltools.gnu-tools-for-stm32.13.3.rel1.win32_1.0.0.202411081344/tools/bin/../lib/gcc/arm-none-eabi/13.3.1/../../../../arm-none-eabi/lib/thumb/v7e-m+fp/hard\libc_nano.a(libc_a-exit.o)
                              C:/ST/STM32CubeIDE_1.19.0/STM32CubeIDE/plugins/com.st.stm32cube.ide.mcu.externaltools.gnu-tools-for-stm32.13.3.rel1.win32_1.0.0.202411081344/tools/bin/../lib/gcc/arm-none-eabi/13.3.1/../../../../arm-none-eabi/lib/thumb/v7e-m+fp/hard/crt0.o (exit)
C:/ST/STM32CubeIDE_1.19.0/STM32CubeIDE/plugins/com.st.stm32cube.ide.mcu.externaltools.gnu-tools-for-stm32.13.3.rel1.win32_1.0.0.202411081344/tools/bin/../lib/gcc/arm-none-eabi/13.3.1/../../../../arm-none-eabi/lib/thumb/v7e-m+fp/hard\libc_nano.a(libc_a-malloc.o)
                              ./libraries/src/CAN_RMMotors.o (malloc)
C:/ST/STM32CubeIDE_1.19.0/STM32CubeIDE/plugins/com.st.stm32cube.ide.mcu.externaltools.gnu-tools-for-stm32.13.3.rel1.win32_1.0.0.202411081344/tools/bin/../lib/gcc/arm-none-eabi/13.3.1/../../../../arm-none-eabi/lib/thumb/v7e-m+fp/hard\libc_nano.a(libc_a-mallocr.o)
                              C:/ST/STM32CubeIDE_1.19.0/STM32CubeIDE/plugins/com.st.stm32cube.ide.mcu.externaltools.gnu-tools-for-stm32.13.3.rel1.win32_1.0.0.202411081344/tools/bin/../lib/gcc/arm-none-eabi/13.3.1/../../../../arm-none-eabi/lib/thumb/v7e-m+fp/hard\libc_nano.a(libc_a-callocr.o) (_malloc_r)
C:/ST/STM32CubeIDE_1.19.0/STM32CubeIDE/plugins/com.st.stm32cube.ide.mcu.externaltools.gnu-tools-for-stm32.13.3.rel1.win32_1.0.0.202411081344/tools/bin/../lib/gcc/arm-none-eabi/13.3.1/../../../../arm-none-eabi/lib/thumb/v7e-m+fp/hard\libc_nano.a(libc_a-mlock.o)
                              C:/ST/STM32CubeIDE_1.19.0/STM32CubeIDE/plugins/com.st.stm32cube.ide.mcu.externaltools.gnu-tools-for-stm32.13.3.rel1.win32_1.0.0.202411081344/tools/bin/../lib/gcc/arm-none-eabi/13.3.1/../../../../arm-none-eabi/lib/thumb/v7e-m+fp/hard\libc_nano.a(libc_a-mallocr.o) (__malloc_lock)
C:/ST/STM32CubeIDE_1.19.0/STM32CubeIDE/plugins/com.st.stm32cube.ide.mcu.externaltools.gnu-tools-for-stm32.13.3.rel1.win32_1.0.0.202411081344/tools/bin/../lib/gcc/arm-none-eabi/13.3.1/../../../../arm-none-eabi/lib/thumb/v7e-m+fp/hard\libc_nano.a(libc_a-realloc.o)
                              ./libraries/src/CAN_RMMotors.o (realloc)
C:/ST/STM32CubeIDE_1.19.0/STM32CubeIDE/plugins/com.st.stm32cube.ide.mcu.externaltools.gnu-tools-for-stm32.13.3.rel1.win32_1.0.0.202411081344/tools/bin/../lib/gcc/arm-none-eabi/13.3.1/../../../../arm-none-eabi/lib/thumb/v7e-m+fp/hard\libc_nano.a(libc_a-reallocr.o)
                              C:/ST/STM32CubeIDE_1.19.0/STM32CubeIDE/plugins/com.st.stm32cube.ide.mcu.externaltools.gnu-tools-for-stm32.13.3.rel1.win32_1.0.0.202411081344/tools/bin/../lib/gcc/arm-none-eabi/13.3.1/../../../../arm-none-eabi/lib/thumb/v7e-m+fp/hard\libc_nano.a(libc_a-realloc.o) (_realloc_r)
C:/ST/STM32CubeIDE_1.19.0/STM32CubeIDE/plugins/com.st.stm32cube.ide.mcu.externaltools.gnu-tools-for-stm32.13.3.rel1.win32_1.0.0.202411081344/tools/bin/../lib/gcc/arm-none-eabi/13.3.1/../../../../arm-none-eabi/lib/thumb/v7e-m+fp/hard\libc_nano.a(libc_a-nano-vfprintf_float.o)
                              (_printf_float)
C:/ST/STM32CubeIDE_1.19.0/STM32CubeIDE/plugins/com.st.stm32cube.ide.mcu.externaltools.gnu-tools-for-stm32.13.3.rel1.win32_1.0.0.202411081344/tools/bin/../lib/gcc/arm-none-eabi/13.3.1/../../../../arm-none-eabi/lib/thumb/v7e-m+fp/hard\libc_nano.a(libc_a-nano-vfprintf_i.o)
                              C:/ST/STM32CubeIDE_1.19.0/STM32CubeIDE/plugins/com.st.stm32cube.ide.mcu.externaltools.gnu-tools-for-stm32.13.3.rel1.win32_1.0.0.202411081344/tools/bin/../lib/gcc/arm-none-eabi/13.3.1/../../../../arm-none-eabi/lib/thumb/v7e-m+fp/hard\libc_nano.a(libc_a-nano-vfprintf_float.o) (_printf_common)
[...]
Memory Configuration

Name             Origin             Length             Attributes
CCMRAM           0x10000000         0x00010000         xrw
RAM              0x20000000         0x00020000         xrw
FLASH            0x08000000         0x00100000         xr
*default*        0x00000000         0xffffffff

Linker script and memory map

LOAD C:/ST/STM32CubeIDE_1.19.0/STM32CubeIDE/plugins/com.st.stm32cube.ide.mcu.externaltools.gnu-tools-for-stm32.13.3.rel1.win32_1.0.0.202411081344/tools/bin/../lib/gcc/arm-none-eabi/13.3.1/thumb/v7e-m+fp/hard/crti.o
LOAD C:/ST/STM32CubeIDE_1.19.0/STM32CubeIDE/plugins/com.st.stm32cube.ide.mcu.externaltools.gnu-tools-for-stm32.13.3.rel1.win32_1.0.0.202411081344/tools/bin/../lib/gcc/arm-none-eabi/13.3.1/thumb/v7e-m+fp/hard/crtbegin.o
LOAD C:/ST/STM32CubeIDE_1.19.0/STM32CubeIDE/plugins/com.st.stm32cube.ide.mcu.externaltools.gnu-tools-for-stm32.13.3.rel1.win32_1.0.0.202411081344/tools/bin/../lib/gcc/arm-none-eabi/13.3.1/../../../../arm-none-eabi/lib/thumb/v7e-m+fp/hard/crt0.o
LOAD ./Core/Src/freertos.o
LOAD ./Core/Src/main.o
LOAD ./Core/Src/stm32f4xx_hal_msp.o
LOAD ./Core/Src/stm32f4xx_it.o
LOAD ./Core/Src/syscalls.o
LOAD ./Core/Src/sysmem.o
LOAD ./Core/Src/system_stm32f4xx.o
LOAD ./Core/Startup/startup_stm32f407ighx.o
LOAD ./Drivers/STM32F4xx_HAL_Driver/Src/stm32f4xx_hal.o
LOAD ./Drivers/STM32F4xx_HAL_Driver/Src/stm32f4xx_hal_can.o
LOAD ./Drivers/STM32F4xx_HAL_Driver/Src/stm32f4xx_hal_cortex.o
LOAD ./Drivers/STM32F4xx_HAL_Driver/Src/stm32f4xx_hal_dma.o
LOAD ./Drivers/STM32F4xx_HAL_Driver/Src/stm32f4xx_hal_dma_ex.o
LOAD ./Drivers/STM32F4xx_HAL_Driver/Src/stm32f4xx_hal_exti.o
LOAD ./Drivers/STM32F4xx_HAL_Driver/Src/stm32f4xx_hal_flash.o
LOAD ./Drivers/STM32F4xx_HAL_Driver/Src/stm32f4xx_hal_flash_ex.o
LOAD ./Drivers/STM32F4xx_HAL_Driver/Src/stm32f4xx_hal_flash_ramfunc.o
LOAD ./Drivers/STM32F4xx_HAL_Driver/Src/stm32f4xx_hal_gpio.o
LOAD ./Drivers/STM32F4xx_HAL_Driver/Src/stm32f4xx_hal_i2c.o
LOAD ./Drivers/STM32F4xx_HAL_Driver/Src/stm32f4xx_hal_i2c_ex.o
LOAD ./Drivers/STM32F4xx_HAL_Driver/Src/stm32f4xx_hal_pwr.o
LOAD ./Drivers/STM32F4xx_HAL_Driver/Src/stm32f4xx_hal_pwr_ex.o
LOAD ./Drivers/STM32F4xx_HAL_Driver/Src/stm32f4xx_hal_rcc.o
LOAD ./Drivers/STM32F4xx_HAL_Driver/Src/stm32f4xx_hal_rcc_ex.o
LOAD ./Drivers/STM32F4xx_HAL_Driver/Src/stm32f4xx_hal_spi.o
LOAD ./Drivers/STM32F4xx_HAL_Driver/Src/stm32f4xx_hal_tim.o
LOAD ./Drivers/STM32F4xx_HAL_Driver/Src/stm32f4xx_hal_tim_ex.o
LOAD ./Drivers/STM32F4xx_HAL_Driver/Src/stm32f4xx_hal_uart.o
LOAD ./Middlewares/Third_Party/FreeRTOS/Source/CMSIS_RTOS_V2/cmsis_os2.o
LOAD ./Middlewares/Third_Party/FreeRTOS/Source/croutine.o
LOAD ./Middlewares/Third_Party/FreeRTOS/Source/event_groups.o
LOAD ./Middlewares/Third_Party/FreeRTOS/Source/list.o
LOAD ./Middlewares/Third_Party/FreeRTOS/Source/queue.o
LOAD ./Middlewares/Third_Party/FreeRTOS/Source/stream_buffer.o
LOAD ./Middlewares/Third_Party/FreeRTOS/Source/tasks.o
LOAD ./Middlewares/Third_Party/FreeRTOS/Source/timers.o
LOAD ./Middlewares/Third_Party/FreeRTOS/Source/portable/GCC/ARM_CM4F/port.o
LOAD ./Middlewares/Third_Party/FreeRTOS/Source/portable/MemMang/heap_4.o
LOAD ./libraries/src/BMI088.o
LOAD ./libraries/src/CAL_REV01.o
LOAD ./libraries/src/CAN_B2B.o
LOAD ./libraries/src/CAN_Core.o
LOAD ./libraries/src/CAN_Damiao.o
LOAD ./libraries/src/CAN_LKMotors.o
LOAD ./libraries/src/CAN_RMMotors.o
LOAD ./libraries/src/DBUS_DR16.o
LOAD ./libraries/src/MPU6050.o
LOAD ./libraries/src/PID.o
LOAD ./libraries/src/TIMER.o
LOAD ./libraries/src/UART_Core.o
LOAD ./libraries/src/UART_CustomUI.o
LOAD ./libraries/src/UART_IBUS.o
LOAD ./libraries/src/UART_JETSON.o
LOAD ./libraries/src/UART_PM02.o
LOAD ./libraries/src/UART_RMCC.o
LOAD ./libraries/src/UART_VT03.o
LOAD ./libraries/src/test_lib.o
START GROUP
LOAD C:/ST/STM32CubeIDE_1.19.0/STM32CubeIDE/plugins/com.st.stm32cube.ide.mcu.externaltools.gnu-tools-for-stm32.13.3.rel1.win32_1.0.0.202411081344/tools/bin/../lib/gcc/arm-none-eabi/13.3.1/../../../../arm-none-eabi/lib/thumb/v7e-m+fp/hard\libc_nano.a
LOAD C:/ST/STM32CubeIDE_1.19.0/STM32CubeIDE/plugins/com.st.stm32cube.ide.mcu.externaltools.gnu-tools-for-stm32.13.3.rel1.win32_1.0.0.202411081344/tools/bin/../lib/gcc/arm-none-eabi/13.3.1/../../../../arm-none-eabi/lib/thumb/v7e-m+fp/hard\libm.a
END GROUP
START GROUP
LOAD C:/ST/STM32CubeIDE_1.19.0/STM32CubeIDE/plugins/com.st.stm32cube.ide.mcu.externaltools.gnu-tools-for-stm32.13.3.rel1.win32_1.0.0.202411081344/tools/bin/../lib/gcc/arm-none-eabi/13.3.1/thumb/v7e-m+fp/hard\libgcc.a
LOAD C:/ST/STM32CubeIDE_1.19.0/STM32CubeIDE/plugins/com.st.stm32cube.ide.mcu.externaltools.gnu-tools-for-stm32.13.3.rel1.win32_1.0.0.202411081344/tools/bin/../lib/gcc/arm-none-eabi/13.3.1/../../../../arm-none-eabi/lib/thumb/v7e-m+fp/hard\libc_nano.a
END GROUP
START GROUP
LOAD C:/ST/STM32CubeIDE_1.19.0/STM32CubeIDE/plugins/com.st.stm32cube.ide.mcu.externaltools.gnu-tools-for-stm32.13.3.rel1.win32_1.0.0.202411081344/tools/bin/../lib/gcc/arm-none-eabi/13.3.1/thumb/v7e-m+fp/hard\libgcc.a
LOAD C:/ST/STM32CubeIDE_1.19.0/STM32CubeIDE/plugins/com.st.stm32cube.ide.mcu.externaltools.gnu-tools-for-stm32.13.3.rel1.win32_1.0.0.202411081344/tools/bin/../lib/gcc/arm-none-eabi/13.3.1/../../../../arm-none-eabi/lib/thumb/v7e-m+fp/hard\libc_nano.a
LOAD C:/ST/STM32CubeIDE_1.19.0/STM32CubeIDE/plugins/com.st.stm32cube.ide.mcu.externaltools.gnu-tools-for-stm32.13.3.rel1.win32_1.0.0.202411081344/tools/bin/../lib/gcc/arm-none-eabi/13.3.1/../../../../arm-none-eabi/lib/thumb/v7e-m+fp/hard\libnosys.a
END GROUP
START GROUP
LOAD C:/ST/STM32CubeIDE_1.19.0/STM32CubeIDE/plugins/com.st.stm32cube.ide.mcu.externaltools.gnu-tools-for-stm32.13.3.rel1.win32_1.0.0.202411081344/tools/bin/../lib/gcc/arm-none-eabi/13.3.1/thumb/v7e-m+fp/hard\libgcc.a
LOAD C:/ST/STM32CubeIDE_1.19.0/STM32CubeIDE/plugins/com.st.stm32cube.ide.mcu.externaltools.gnu-tools-for-stm32.13.3.rel1.win32_1.0.0.202411081344/tools/bin/../lib/gcc/arm-none-eabi/13.3.1/../../../../arm-none-eabi/lib/thumb/v7e-m+fp/hard\libc_nano.a
LOAD C:/ST/STM32CubeIDE_1.19.0/STM32CubeIDE/plugins/com.st.stm32cube.ide.mcu.externaltools.gnu-tools-for-stm32.13.3.rel1.win32_1.0.0.202411081344/tools/bin/../lib/gcc/arm-none-eabi/13.3.1/../../../../arm-none-eabi/lib/thumb/v7e-m+fp/hard\libnosys.a
END GROUP
LOAD C:/ST/STM32CubeIDE_1.19.0/STM32CubeIDE/plugins/com.st.stm32cube.ide.mcu.externaltools.gnu-tools-for-stm32.13.3.rel1.win32_1.0.0.202411081344/tools/bin/../lib/gcc/arm-none-eabi/13.3.1/thumb/v7e-m+fp/hard/crtend.o
LOAD C:/ST/STM32CubeIDE_1.19.0/STM32CubeIDE/plugins/com.st.stm32cube.ide.mcu.externaltools.gnu-tools-for-stm32.13.3.rel1.win32_1.0.0.202411081344/tools/bin/../lib/gcc/arm-none-eabi/13.3.1/thumb/v7e-m+fp/hard/crtn.o
                0x20020000                        _estack = (ORIGIN (RAM) + LENGTH (RAM))
                0x00000200                        _Min_Heap_Size = 0x200
                0x00000400                        _Min_Stack_Size = 0x400

.isr_vector     0x08000000      0x188
                0x08000000                        . = ALIGN (0x4)
 *(.isr_vector)
 .isr_vector    0x08000000      0x188 ./Core/Startup/startup_stm32f407ighx.o
                0x08000000                g_pfnVectors
                0x08000188                        . = ALIGN (0x4)

.text           0x08000190    0x111c0
                0x08000190                        . = ALIGN (0x4)
 *(.text)
 .text          0x08000190       0x40 C:/ST/STM32CubeIDE_1.19.0/STM32CubeIDE/plugins/com.st.stm32cube.ide.mcu.externaltools.gnu-tools-for-stm32.13.3.rel1.win32_1.0.0.202411081344/tools/bin/../lib/gcc/arm-none-eabi/13.3.1/thumb/v7e-m+fp/hard/crtbegin.o
 .text          0x080001d0       0xa0 C:/ST/STM32CubeIDE_1.19.0/STM32CubeIDE/plugins/com.st.stm32cube.ide.mcu.externaltools.gnu-tools-for-stm32.13.3.rel1.win32_1.0.0.202411081344/tools/bin/../lib/gcc/arm-none-eabi/13.3.1/../../../../arm-none-eabi/lib/thumb/v7e-m+fp/hard\libc_nano.a(libc_a-memchr.o)
                0x080001d0                memchr
 .text          0x08000270       0x10 C:/ST/STM32CubeIDE_1.19.0/STM32CubeIDE/plugins/com.st.stm32cube.ide.mcu.externaltools.gnu-tools-for-stm32.13.3.rel1.win32_1.0.0.202411081344/tools/bin/../lib/gcc/arm-none-eabi/13.3.1/../../../../arm-none-eabi/lib/thumb/v7e-m+fp/hard\libc_nano.a(libc_a-strlen.o)
                0x08000270                strlen
 .text          0x08000280      0x378 C:/ST/STM32CubeIDE_1.19.0/STM32CubeIDE/plugins/com.st.stm32cube.ide.mcu.externaltools.gnu-tools-for-stm32.13.3.rel1.win32_1.0.0.202411081344/tools/bin/../lib/gcc/arm-none-eabi/13.3.1/thumb/v7e-m+fp/hard\libgcc.a(_arm_addsubdf3.o)
                0x08000280                __aeabi_drsub
                0x08000288                __aeabi_dsub
                0x08000288                __subdf3
                0x0800028c                __aeabi_dadd
                0x0800028c                __adddf3
                0x08000504                __floatunsidf
                0x08000504                __aeabi_ui2d
                0x08000524                __floatsidf
                0x08000524                __aeabi_i2d
                0x08000548                __aeabi_f2d
                0x08000548                __extendsfdf2
                0x0800058c                __floatundidf
                0x0800058c                __aeabi_ul2d
                0x0800059c                __floatdidf
                0x0800059c                __aeabi_l2d
 .text          0x080005f8      0x424 C:/ST/STM32CubeIDE_1.19.0/STM32CubeIDE/plugins/com.st.stm32cube.ide.mcu.externaltools.gnu-tools-for-stm32.13.3.rel1.win32_1.0.0.202411081344/tools/bin/../lib/gcc/arm-none-eabi/13.3.1/thumb/v7e-m+fp/hard\libgcc.a(_arm_muldivdf3.o)
                0x080005f8                __aeabi_dmul
                0x080005f8                __muldf3
                0x0800084c                __divdf3
                0x0800084c                __aeabi_ddiv
 .text          0x08000a1c      0x110 C:/ST/STM32CubeIDE_1.19.0/STM32CubeIDE/plugins/com.st.stm32cube.ide.mcu.externaltools.gnu-tools-for-stm32.13.3.rel1.win32_1.0.0.202411081344/tools/bin/../lib/gcc/arm-none-eabi/13.3.1/thumb/v7e-m+fp/hard\libgcc.a(_arm_cmpdf2.o)
                0x08000a1c                __gtdf2
                0x08000a1c                __gedf2
                0x08000a24                __ltdf2
                0x08000a24                __ledf2
                0x08000a2c                __nedf2
                0x08000a2c                __eqdf2
                0x08000a2c                __cmpdf2
                0x08000aa8                __aeabi_cdrcmple
                0x08000ab8                __aeabi_cdcmpeq
                0x08000ab8                __aeabi_cdcmple
                0x08000ac8                __aeabi_dcmpeq
                0x08000adc                __aeabi_dcmplt
                0x08000af0                __aeabi_dcmple
                0x08000b04                __aeabi_dcmpge
                0x08000b18                __aeabi_dcmpgt
 .text          0x08000b2c       0x2c C:/ST/STM32CubeIDE_1.19.0/STM32CubeIDE/plugins/com.st.stm32cube.ide.mcu.externaltools.gnu-tools-for-stm32.13.3.rel1.win32_1.0.0.202411081344/tools/bin/../lib/gcc/arm-none-eabi/13.3.1/thumb/v7e-m+fp/hard\libgcc.a(_arm_unorddf2.o)
                0x08000b2c                __unorddf2
                0x08000b2c                __aeabi_dcmpun
 .text          0x08000b58       0x50 C:/ST/STM32CubeIDE_1.19.0/STM32CubeIDE/plugins/com.st.stm32cube.ide.mcu.externaltools.gnu-tools-for-stm32.13.3.rel1.win32_1.0.0.202411081344/tools/bin/../lib/gcc/arm-none-eabi/13.3.1/thumb/v7e-m+fp/hard\libgcc.a(_arm_fixdfsi.o)
                0x08000b58                __aeabi_d2iz
                0x08000b58                __fixdfsi
 .text          0x08000ba8       0xa0 C:/ST/STM32CubeIDE_1.19.0/STM32CubeIDE/plugins/com.st.stm32cube.ide.mcu.externaltools.gnu-tools-for-stm32.13.3.rel1.win32_1.0.0.202411081344/tools/bin/../lib/gcc/arm-none-eabi/13.3.1/thumb/v7e-m+fp/hard\libgcc.a(_arm_truncdfsf2.o)
                0x08000ba8                __truncdfsf2
                0x08000ba8                __aeabi_d2f
 .text          0x08000c48       0x30 C:/ST/STM32CubeIDE_1.19.0/STM32CubeIDE/plugins/com.st.stm32cube.ide.mcu.externaltools.gnu-tools-for-stm32.13.3.rel1.win32_1.0.0.202411081344/tools/bin/../lib/gcc/arm-none-eabi/13.3.1/thumb/v7e-m+fp/hard\libgcc.a(_aeabi_uldivmod.o)
                0x08000c48                __aeabi_uldivmod
 .text          0x08000c78      0x2f8 C:/ST/STM32CubeIDE_1.19.0/STM32CubeIDE/plugins/com.st.stm32cube.ide.mcu.externaltools.gnu-tools-for-stm32.13.3.rel1.win32_1.0.0.202411081344/tools/bin/../lib/gcc/arm-none-eabi/13.3.1/thumb/v7e-m+fp/hard\libgcc.a(_udivmoddi4.o)
                0x08000c78                __udivmoddi4
 .text          0x08000f70        0x4 C:/ST/STM32CubeIDE_1.19.0/STM32CubeIDE/plugins/com.st.stm32cube.ide.mcu.externaltools.gnu-tools-for-stm32.13.3.rel1.win32_1.0.0.202411081344/tools/bin/../lib/gcc/arm-none-eabi/13.3.1/thumb/v7e-m+fp/hard\libgcc.a(_dvmd_tls.o)
                0x08000f70                __aeabi_idiv0
                0x08000f70                __aeabi_ldiv0
 *(.text*)
 .text.main     0x08000f74       0x78 ./Core/Src/main.o
                0x08000f74                main
 .text.SystemClock_Config
                0x08000fec       0xd4 ./Core/Src/main.o
                0x08000fec                SystemClock_Config
 .text.MX_CAN1_Init
                0x080010c0       0x6c ./Core/Src/main.o
 .text.MX_I2C2_Init
                0x0800112c       0x5c ./Core/Src/main.o
 .text.MX_SPI1_Init
                0x08001188       0x6c ./Core/Src/main.o
 .text.MX_TIM10_Init
                0x080011f4       0x9c ./Core/Src/main.o
 .text.MX_TIM13_Init
                0x08001290       0x48 ./Core/Src/main.o
 .text.MX_USART1_UART_Init
                0x080012d8       0x54 ./Core/Src/main.o
 .text.MX_USART3_UART_Init
                0x0800132c       0x58 ./Core/Src/main.o
 .text.MX_USART6_UART_Init
                0x08001384       0x54 ./Core/Src/main.o
 .text.MX_DMA_Init
                0x080013d8       0x9c ./Core/Src/main.o
 .text.MX_GPIO_Init
                0x08001474      0x168 ./Core/Src/main.o
 .text.clampFloat
                0x080015dc       0x52 ./Core/Src/main.o
 *fill*         0x0800162e        0x2 
 .text.Gyros_Update
                0x08001630       0xd0 ./Core/Src/main.o
                0x08001630                Gyros_Update
 .text.StartLibraryHandler
                0x08001700       0x70 ./Core/Src/main.o
                0x08001700                StartLibraryHandler
 .text.StartMainTask
                0x08001770      0x770 ./Core/Src/main.o
                0x08001770                StartMainTask
 .text.Error_Handler
                0x08001ee0        0xc ./Core/Src/main.o
                0x08001ee0                Error_Handler
 .text.HAL_MspInit
                0x08001eec       0x58 ./Core/Src/stm32f4xx_hal_msp.o
                0x08001eec                HAL_MspInit
 .text.HAL_CAN_MspInit
                0x08001f44       0xa0 ./Core/Src/stm32f4xx_hal_msp.o
                0x08001f44                HAL_CAN_MspInit
 .text.HAL_I2C_MspInit
                0x08001fe4       0x90 ./Core/Src/stm32f4xx_hal_msp.o
                0x08001fe4                HAL_I2C_MspInit
 .text.HAL_SPI_MspInit
                0x08002074       0xd0 ./Core/Src/stm32f4xx_hal_msp.o
                0x08002074                HAL_SPI_MspInit
 .text.HAL_TIM_Base_MspInit
                0x08002144       0x70 ./Core/Src/stm32f4xx_hal_msp.o
                0x08002144                HAL_TIM_Base_MspInit
 .text.HAL_TIM_MspPostInit
                0x080021b4       0x74 ./Core/Src/stm32f4xx_hal_msp.o
                0x080021b4                HAL_TIM_MspPostInit
 .text.HAL_UART_MspInit
                0x08002228      0x3dc ./Core/Src/stm32f4xx_hal_msp.o
                0x08002228                HAL_UART_MspInit
 .text.NMI_Handler
                0x08002604        0x8 ./Core/Src/stm32f4xx_it.o
                0x08002604                NMI_Handler
 .text.HardFault_Handler
                0x0800260c        0x8 ./Core/Src/stm32f4xx_it.o
                0x0800260c                HardFault_Handler
 .text.MemManage_Handler
                0x08002614        0x8 ./Core/Src/stm32f4xx_it.o
                0x08002614                MemManage_Handler
 .text.BusFault_Handler
                0x0800261c        0x8 ./Core/Src/stm32f4xx_it.o
                0x0800261c                BusFault_Handler
 .text.UsageFault_Handler
                0x08002624        0x8 ./Core/Src/stm32f4xx_it.o
                0x08002624                UsageFault_Handler
 .text.DebugMon_Handler
                0x0800262c        0xe ./Core/Src/stm32f4xx_it.o
                0x0800262c                DebugMon_Handler
 .text.SysTick_Handler
                0x0800263a       0x1a ./Core/Src/stm32f4xx_it.o
                0x0800263a                SysTick_Handler
 .text.DMA1_Stream1_IRQHandler
                0x08002654       0x14 ./Core/Src/stm32f4xx_it.o
                0x08002654                DMA1_Stream1_IRQHandler
 .text.CAN1_RX0_IRQHandler
                0x08002668       0x14 ./Core/Src/stm32f4xx_it.o
                0x08002668                CAN1_RX0_IRQHandler
 .text.USART1_IRQHandler
                0x0800267c       0x14 ./Core/Src/stm32f4xx_it.o
                0x0800267c                USART1_IRQHandler
 .text.USART3_IRQHandler
                0x08002690       0x14 ./Core/Src/stm32f4xx_it.o
                0x08002690                USART3_IRQHandler
 .text.DMA2_Stream1_IRQHandler
                0x080026a4       0x14 ./Core/Src/stm32f4xx_it.o
                0x080026a4                DMA2_Stream1_IRQHandler
 .text.DMA2_Stream2_IRQHandler
                0x080026b8       0x14 ./Core/Src/stm32f4xx_it.o
                0x080026b8                DMA2_Stream2_IRQHandler
 .text.DMA2_Stream6_IRQHandler
                0x080026cc       0x14 ./Core/Src/stm32f4xx_it.o
                0x080026cc                DMA2_Stream6_IRQHandler
 .text.DMA2_Stream7_IRQHandler
                0x080026e0       0x14 ./Core/Src/stm32f4xx_it.o
                0x080026e0                DMA2_Stream7_IRQHandler
 .text.USART6_IRQHandler
                0x080026f4       0x14 ./Core/Src/stm32f4xx_it.o
                0x080026f4                USART6_IRQHandler
 .text._getpid  0x08002708       0x10 ./Core/Src/syscalls.o
                0x08002708                _getpid
 .text._kill    0x08002718       0x20 ./Core/Src/syscalls.o
                0x08002718                _kill
 .text._exit    0x08002738       0x16 ./Core/Src/syscalls.o
                0x08002738                _exit
 .text._read    0x0800274e       0x3a ./Core/Src/syscalls.o
                0x0800274e                _read
 .text._write   0x08002788       0x38 ./Core/Src/syscalls.o
                0x08002788                _write
 .text._close   0x080027c0       0x18 ./Core/Src/syscalls.o
                0x080027c0                _close
 .text._fstat   0x080027d8       0x20 ./Core/Src/syscalls.o
                0x080027d8                _fstat
 .text._isatty  0x080027f8       0x16 ./Core/Src/syscalls.o
                0x080027f8                _isatty
 .text._lseek   0x0800280e       0x1a ./Core/Src/syscalls.o
                0x0800280e                _lseek
 .text._sbrk    0x08002828       0x6c ./Core/Src/sysmem.o
                0x08002828                _sbrk
 .text.SystemInit
                0x08002894       0x24 ./Core/Src/system_stm32f4xx.o
                0x08002894                SystemInit
 .text.Reset_Handler
                0x080028b8       0x50 ./Core/Startup/startup_stm32f407ighx.o
                0x080028b8                Reset_Handler
 .text.Default_Handler
                0x08002908        0x2 ./Core/Startup/startup_stm32f407ighx.o
                0x08002908                RTC_Alarm_IRQHandler
                0x08002908                HASH_RNG_IRQHandler
                0x08002908                EXTI2_IRQHandler
                0x08002908                TIM8_CC_IRQHandler
                0x08002908                TIM1_CC_IRQHandler
                0x08002908                DMA2_Stream5_IRQHandler
                0x08002908                DMA1_Stream5_IRQHandler
                0x08002908                PVD_IRQHandler
                0x08002908                SDIO_IRQHandler
                0x08002908                TAMP_STAMP_IRQHandler
                0x08002908                CAN2_RX1_IRQHandler
                0x08002908                EXTI3_IRQHandler
                0x08002908                TIM8_TRG_COM_TIM14_IRQHandler
                0x08002908                TIM1_UP_TIM10_IRQHandler
                0x08002908                TIM8_UP_TIM13_IRQHandler
                0x08002908                I2C3_ER_IRQHandler
                0x08002908                EXTI0_IRQHandler
                0x08002908                I2C2_EV_IRQHandler
                0x08002908                DMA1_Stream2_IRQHandler
                0x08002908                FPU_IRQHandler
                0x08002908                OTG_HS_WKUP_IRQHandler
                0x08002908                CAN2_SCE_IRQHandler
                0x08002908                SPI1_IRQHandler
                0x08002908                TIM6_DAC_IRQHandler
                0x08002908                TIM1_BRK_TIM9_IRQHandler
                0x08002908                DCMI_IRQHandler
                0x08002908                CAN2_RX0_IRQHandler
                0x08002908                DMA2_Stream3_IRQHandler
                0x08002908                CAN1_RX1_IRQHandler
                0x08002908                UART5_IRQHandler
                0x08002908                DMA2_Stream0_IRQHandler
                0x08002908                TIM4_IRQHandler
                0x08002908                I2C1_EV_IRQHandler
                0x08002908                DMA1_Stream6_IRQHandler
                0x08002908                UART4_IRQHandler
                0x08002908                TIM3_IRQHandler
                0x08002908                RCC_IRQHandler
                0x08002908                TIM8_BRK_TIM12_IRQHandler
                0x08002908                Default_Handler
                0x08002908                EXTI15_10_IRQHandler
                0x08002908                ADC_IRQHandler
                0x08002908                DMA1_Stream7_IRQHandler
                0x08002908                TIM7_IRQHandler
                0x08002908                CAN2_TX_IRQHandler
                0x08002908                TIM5_IRQHandler
                0x08002908                I2C3_EV_IRQHandler
                0x08002908                EXTI9_5_IRQHandler
                0x08002908                RTC_WKUP_IRQHandler
                0x08002908                ETH_WKUP_IRQHandler
                0x08002908                SPI2_IRQHandler
                0x08002908                OTG_HS_EP1_IN_IRQHandler
                0x08002908                DMA1_Stream0_IRQHandler
                0x08002908                CAN1_TX_IRQHandler
                0x08002908                EXTI4_IRQHandler
                0x08002908                FSMC_IRQHandler
                0x08002908                ETH_IRQHandler
                0x08002908                OTG_HS_EP1_OUT_IRQHandler
                0x08002908                WWDG_IRQHandler
                0x08002908                TIM2_IRQHandler
                0x08002908                OTG_FS_WKUP_IRQHandler
                0x08002908                TIM1_TRG_COM_TIM11_IRQHandler
                0x08002908                OTG_HS_IRQHandler
                0x08002908                EXTI1_IRQHandler
                0x08002908                USART2_IRQHandler
                0x08002908                I2C2_ER_IRQHandler
                0x08002908                CAN1_SCE_IRQHandler
                0x08002908                FLASH_IRQHandler
                0x08002908                DMA2_Stream4_IRQHandler
                0x08002908                OTG_FS_IRQHandler
                0x08002908                SPI3_IRQHandler
                0x08002908                DMA1_Stream4_IRQHandler
                0x08002908                I2C1_ER_IRQHandler
                0x08002908                DMA1_Stream3_IRQHandler
 *fill*         0x0800290a        0x2 
 .text.HAL_Init
                0x0800290c       0x44 ./Drivers/STM32F4xx_HAL_Driver/Src/stm32f4xx_hal.o
                0x0800290c                HAL_Init
 .text.HAL_InitTick
                0x08002950       0x60 ./Drivers/STM32F4xx_HAL_Driver/Src/stm32f4xx_hal.o
                0x08002950                HAL_InitTick
 .text.HAL_IncTick
                0x080029b0       0x28 ./Drivers/STM32F4xx_HAL_Driver/Src/stm32f4xx_hal.o
                0x080029b0                HAL_IncTick
 .text.HAL_GetTick
                0x080029d8       0x18 ./Drivers/STM32F4xx_HAL_Driver/Src/stm32f4xx_hal.o
                0x080029d8                HAL_GetTick
 .text.HAL_CAN_Init
                0x080029f0      0x1f6 ./Drivers/STM32F4xx_HAL_Driver/Src/stm32f4xx_hal_can.o
                0x080029f0                HAL_CAN_Init
 *fill*         0x08002be6        0x2 
 .text.HAL_CAN_ConfigFilter
                0x08002be8      0x1bc ./Drivers/STM32F4xx_HAL_Driver/Src/stm32f4xx_hal_can.o
                0x08002be8                HAL_CAN_ConfigFilter
 .text.HAL_CAN_Start
                0x08002da4       0x88 ./Drivers/STM32F4xx_HAL_Driver/Src/stm32f4xx_hal_can.o
                0x08002da4                HAL_CAN_Start
 .text.HAL_CAN_AddTxMessage
                0x08002e2c      0x1a0 ./Drivers/STM32F4xx_HAL_Driver/Src/stm32f4xx_hal_can.o
                0x08002e2c                HAL_CAN_AddTxMessage
 .text.HAL_CAN_GetRxMessage
                0x08002fcc      0x244 ./Drivers/STM32F4xx_HAL_Driver/Src/stm32f4xx_hal_can.o
                0x08002fcc                HAL_CAN_GetRxMessage
 .text.HAL_CAN_ActivateNotification
                0x08003210       0x4c ./Drivers/STM32F4xx_HAL_Driver/Src/stm32f4xx_hal_can.o
                0x08003210                HAL_CAN_ActivateNotification
 .text.HAL_CAN_IRQHandler
                0x0800325c      0x36e ./Drivers/STM32F4xx_HAL_Driver/Src/stm32f4xx_hal_can.o
                0x0800325c                HAL_CAN_IRQHandler
 .text.HAL_CAN_TxMailbox0CompleteCallback
                0x080035ca       0x14 ./Drivers/STM32F4xx_HAL_Driver/Src/stm32f4xx_hal_can.o
                0x080035ca                HAL_CAN_TxMailbox0CompleteCallback
 .text.HAL_CAN_TxMailbox1CompleteCallback
                0x080035de       0x14 ./Drivers/STM32F4xx_HAL_Driver/Src/stm32f4xx_hal_can.o
                0x080035de                HAL_CAN_TxMailbox1CompleteCallback
 .text.HAL_CAN_TxMailbox2CompleteCallback
                0x080035f2       0x14 ./Drivers/STM32F4xx_HAL_Driver/Src/stm32f4xx_hal_can.o
                0x080035f2                HAL_CAN_TxMailbox2CompleteCallback
 .text.HAL_CAN_TxMailbox0AbortCallback
                0x08003606       0x14 ./Drivers/STM32F4xx_HAL_Driver/Src/stm32f4xx_hal_can.o
                0x08003606                HAL_CAN_TxMailbox0AbortCallback
 .text.HAL_CAN_TxMailbox1AbortCallback
                0x0800361a       0x14 ./Drivers/STM32F4xx_HAL_Driver/Src/stm32f4xx_hal_can.o
                0x0800361a                HAL_CAN_TxMailbox1AbortCallback
 .text.HAL_CAN_TxMailbox2AbortCallback
                0x0800362e       0x14 ./Drivers/STM32F4xx_HAL_Driver/Src/stm32f4xx_hal_can.o
                0x0800362e                HAL_CAN_TxMailbox2AbortCallback
 .text.HAL_CAN_RxFifo0FullCallback
                0x08003642       0x14 ./Drivers/STM32F4xx_HAL_Driver/Src/stm32f4xx_hal_can.o
                0x08003642                HAL_CAN_RxFifo0FullCallback
 .text.HAL_CAN_RxFifo1MsgPendingCallback
                0x08003656       0x14 ./Drivers/STM32F4xx_HAL_Driver/Src/stm32f4xx_hal_can.o
                0x08003656                HAL_CAN_RxFifo1MsgPendingCallback
 .text.HAL_CAN_RxFifo1FullCallback
                0x0800366a       0x14 ./Drivers/STM32F4xx_HAL_Driver/Src/stm32f4xx_hal_can.o
                0x0800366a                HAL_CAN_RxFifo1FullCallback
 .text.HAL_CAN_SleepCallback
                0x0800367e       0x14 ./Drivers/STM32F4xx_HAL_Driver/Src/stm32f4xx_hal_can.o
                0x0800367e                HAL_CAN_SleepCallback
 .text.HAL_CAN_WakeUpFromRxMsgCallback
                0x08003692       0x14 ./Drivers/STM32F4xx_HAL_Driver/Src/stm32f4xx_hal_can.o
                0x08003692                HAL_CAN_WakeUpFromRxMsgCallback
 .text.HAL_CAN_ErrorCallback
                0x080036a6       0x14 ./Drivers/STM32F4xx_HAL_Driver/Src/stm32f4xx_hal_can.o
                0x080036a6                HAL_CAN_ErrorCallback
 *fill*         0x080036ba        0x2 
 .text.__NVIC_SetPriorityGrouping
                0x080036bc       0x48 ./Drivers/STM32F4xx_HAL_Driver/Src/stm32f4xx_hal_cortex.o
 .text.__NVIC_GetPriorityGrouping
                0x08003704       0x1c ./Drivers/STM32F4xx_HAL_Driver/Src/stm32f4xx_hal_cortex.o
 .text.__NVIC_EnableIRQ
                0x08003720       0x3c ./Drivers/STM32F4xx_HAL_Driver/Src/stm32f4xx_hal_cortex.o
 .text.__NVIC_SetPriority
                0x0800375c       0x54 ./Drivers/STM32F4xx_HAL_Driver/Src/stm32f4xx_hal_cortex.o
 .text.NVIC_EncodePriority
                0x080037b0       0x66 ./Drivers/STM32F4xx_HAL_Driver/Src/stm32f4xx_hal_cortex.o
 *fill*         0x08003816        0x2 
 .text.SysTick_Config
                0x08003818       0x44 ./Drivers/STM32F4xx_HAL_Driver/Src/stm32f4xx_hal_cortex.o
 .text.HAL_NVIC_SetPriorityGrouping
                0x0800385c       0x16 ./Drivers/STM32F4xx_HAL_Driver/Src/stm32f4xx_hal_cortex.o
                0x0800385c                HAL_NVIC_SetPriorityGrouping
 .text.HAL_NVIC_SetPriority
                0x08003872       0x38 ./Drivers/STM32F4xx_HAL_Driver/Src/stm32f4xx_hal_cortex.o
                0x08003872                HAL_NVIC_SetPriority
 .text.HAL_NVIC_EnableIRQ
                0x080038aa       0x1c ./Drivers/STM32F4xx_HAL_Driver/Src/stm32f4xx_hal_cortex.o
                0x080038aa                HAL_NVIC_EnableIRQ
 .text.HAL_SYSTICK_Config
                0x080038c6       0x18 ./Drivers/STM32F4xx_HAL_Driver/Src/stm32f4xx_hal_cortex.o
                0x080038c6                HAL_SYSTICK_Config
 *fill*         0x080038de        0x2 
 .text.HAL_DMA_Init
                0x080038e0      0x15c ./Drivers/STM32F4xx_HAL_Driver/Src/stm32f4xx_hal_dma.o
                0x080038e0                HAL_DMA_Init
 .text.HAL_DMA_Start_IT
                0x08003a3c       0xb0 ./Drivers/STM32F4xx_HAL_Driver/Src/stm32f4xx_hal_dma.o
                0x08003a3c                HAL_DMA_Start_IT
 .text.HAL_DMA_Abort
                0x08003aec       0xe0 ./Drivers/STM32F4xx_HAL_Driver/Src/stm32f4xx_hal_dma.o
                0x08003aec                HAL_DMA_Abort
 .text.HAL_DMA_Abort_IT
                0x08003bcc       0x44 ./Drivers/STM32F4xx_HAL_Driver/Src/stm32f4xx_hal_dma.o
                0x08003bcc                HAL_DMA_Abort_IT
 .text.HAL_DMA_IRQHandler
                0x08003c10      0x314 ./Drivers/STM32F4xx_HAL_Driver/Src/stm32f4xx_hal_dma.o
                0x08003c10                HAL_DMA_IRQHandler
 .text.DMA_SetConfig
                0x08003f24       0x5c ./Drivers/STM32F4xx_HAL_Driver/Src/stm32f4xx_hal_dma.o
 .text.DMA_CalcBaseAndBitshift
                0x08003f80       0x6c ./Drivers/STM32F4xx_HAL_Driver/Src/stm32f4xx_hal_dma.o
 .text.DMA_CheckFifoParam
                0x08003fec       0xf8 ./Drivers/STM32F4xx_HAL_Driver/Src/stm32f4xx_hal_dma.o
 .text.HAL_GPIO_Init
                0x080040e4      0x338 ./Drivers/STM32F4xx_HAL_Driver/Src/stm32f4xx_hal_gpio.o
                0x080040e4                HAL_GPIO_Init
 .text.HAL_GPIO_WritePin
                0x0800441c       0x32 ./Drivers/STM32F4xx_HAL_Driver/Src/stm32f4xx_hal_gpio.o
                0x0800441c                HAL_GPIO_WritePin
 *fill*         0x0800444e        0x2 
 .text.HAL_I2C_Init
                0x08004450      0x288 ./Drivers/STM32F4xx_HAL_Driver/Src/stm32f4xx_hal_i2c.o
                0x08004450                HAL_I2C_Init
 .text.HAL_I2C_Mem_Write
                0x080046d8      0x1f4 ./Drivers/STM32F4xx_HAL_Driver/Src/stm32f4xx_hal_i2c.o
                0x080046d8                HAL_I2C_Mem_Write
 .text.HAL_I2C_Mem_Read
                0x080048cc      0x464 ./Drivers/STM32F4xx_HAL_Driver/Src/stm32f4xx_hal_i2c.o
                0x080048cc                HAL_I2C_Mem_Read
 .text.I2C_RequestMemoryWrite
                0x08004d30      0x12c ./Drivers/STM32F4xx_HAL_Driver/Src/stm32f4xx_hal_i2c.o
 .text.I2C_RequestMemoryRead
                0x08004e5c      0x1d0 ./Drivers/STM32F4xx_HAL_Driver/Src/stm32f4xx_hal_i2c.o
 .text.I2C_WaitOnFlagUntilTimeout
                0x0800502c       0xf4 ./Drivers/STM32F4xx_HAL_Driver/Src/stm32f4xx_hal_i2c.o
 .text.I2C_WaitOnMasterAddressFlagUntilTimeout
                0x08005120      0x140 ./Drivers/STM32F4xx_HAL_Driver/Src/stm32f4xx_hal_i2c.o
 .text.I2C_WaitOnTXEFlagUntilTimeout
                0x08005260       0x90 ./Drivers/STM32F4xx_HAL_Driver/Src/stm32f4xx_hal_i2c.o
 .text.I2C_WaitOnBTFFlagUntilTimeout
                0x080052f0       0x90 ./Drivers/STM32F4xx_HAL_Driver/Src/stm32f4xx_hal_i2c.o
 .text.I2C_WaitOnRXNEFlagUntilTimeout
                0x08005380       0xba ./Drivers/STM32F4xx_HAL_Driver/Src/stm32f4xx_hal_i2c.o
 .text.I2C_IsAcknowledgeFailed
                0x0800543a       0x5e ./Drivers/STM32F4xx_HAL_Driver/Src/stm32f4xx_hal_i2c.o
 .text.HAL_RCC_OscConfig
                0x08005498      0x4f0 ./Drivers/STM32F4xx_HAL_Driver/Src/stm32f4xx_hal_rcc.o
                0x08005498                HAL_RCC_OscConfig
 .text.HAL_RCC_ClockConfig
                0x08005988      0x1cc ./Drivers/STM32F4xx_HAL_Driver/Src/stm32f4xx_hal_rcc.o
                0x08005988                HAL_RCC_ClockConfig
 .text.HAL_RCC_GetSysClockFreq
                0x08005b54      0x18c ./Drivers/STM32F4xx_HAL_Driver/Src/stm32f4xx_hal_rcc.o
                0x08005b54                HAL_RCC_GetSysClockFreq
 .text.HAL_RCC_GetHCLKFreq
                0x08005ce0       0x18 ./Drivers/STM32F4xx_HAL_Driver/Src/stm32f4xx_hal_rcc.o
                0x08005ce0                HAL_RCC_GetHCLKFreq
 .text.HAL_RCC_GetPCLK1Freq
                0x08005cf8       0x28 ./Drivers/STM32F4xx_HAL_Driver/Src/stm32f4xx_hal_rcc.o
                0x08005cf8                HAL_RCC_GetPCLK1Freq
 .text.HAL_RCC_GetPCLK2Freq
                0x08005d20       0x28 ./Drivers/STM32F4xx_HAL_Driver/Src/stm32f4xx_hal_rcc.o
                0x08005d20                HAL_RCC_GetPCLK2Freq
 .text.HAL_SPI_Init
                0x08005d48      0x112 ./Drivers/STM32F4xx_HAL_Driver/Src/stm32f4xx_hal_spi.o
                0x08005d48                HAL_SPI_Init
 .text.HAL_SPI_TransmitReceive
                0x08005e5a      0x352 ./Drivers/STM32F4xx_HAL_Driver/Src/stm32f4xx_hal_spi.o
                0x08005e5a                HAL_SPI_TransmitReceive
 .text.SPI_WaitFlagStateUntilTimeout
                0x080061ac      0x110 ./Drivers/STM32F4xx_HAL_Driver/Src/stm32f4xx_hal_spi.o
 .text.SPI_EndRxTxTransaction
                0x080062bc       0xa8 ./Drivers/STM32F4xx_HAL_Driver/Src/stm32f4xx_hal_spi.o
 .text.HAL_TIM_Base_Init
                0x08006364       0x9e ./Drivers/STM32F4xx_HAL_Driver/Src/stm32f4xx_hal_tim.o
                0x08006364                HAL_TIM_Base_Init
 *fill*         0x08006402        0x2 
 .text.HAL_TIM_Base_Start
                0x08006404       0xd0 ./Drivers/STM32F4xx_HAL_Driver/Src/stm32f4xx_hal_tim.o
                0x08006404                HAL_TIM_Base_Start
 .text.HAL_TIM_PWM_Init
                0x080064d4       0x9e ./Drivers/STM32F4xx_HAL_Driver/Src/stm32f4xx_hal_tim.o
                0x080064d4                HAL_TIM_PWM_Init
 .text.HAL_TIM_PWM_MspInit
                0x08006572       0x14 ./Drivers/STM32F4xx_HAL_Driver/Src/stm32f4xx_hal_tim.o
                0x08006572                HAL_TIM_PWM_MspInit
 *fill*         0x08006586        0x2 
 .text.HAL_TIM_PWM_Start
                0x08006588      0x190 ./Drivers/STM32F4xx_HAL_Driver/Src/stm32f4xx_hal_tim.o
                0x08006588                HAL_TIM_PWM_Start
 .text.HAL_TIM_PWM_ConfigChannel
                0x08006718      0x184 ./Drivers/STM32F4xx_HAL_Driver/Src/stm32f4xx_hal_tim.o
                0x08006718                HAL_TIM_PWM_ConfigChannel
 .text.TIM_Base_SetConfig
                0x0800689c      0x14c ./Drivers/STM32F4xx_HAL_Driver/Src/stm32f4xx_hal_tim.o
                0x0800689c                TIM_Base_SetConfig
 .text.TIM_OC1_SetConfig
                0x080069e8       0xe0 ./Drivers/STM32F4xx_HAL_Driver/Src/stm32f4xx_hal_tim.o
 .text.TIM_OC2_SetConfig
                0x08006ac8       0xec ./Drivers/STM32F4xx_HAL_Driver/Src/stm32f4xx_hal_tim.o
                0x08006ac8                TIM_OC2_SetConfig
 .text.TIM_OC3_SetConfig
                0x08006bb4       0xe8 ./Drivers/STM32F4xx_HAL_Driver/Src/stm32f4xx_hal_tim.o
 .text.TIM_OC4_SetConfig
                0x08006c9c       0xac ./Drivers/STM32F4xx_HAL_Driver/Src/stm32f4xx_hal_tim.o
 .text.TIM_CCxChannelCmd
                0x08006d48       0x4a ./Drivers/STM32F4xx_HAL_Driver/Src/stm32f4xx_hal_tim.o
                0x08006d48                TIM_CCxChannelCmd
 .text.HAL_UART_Init
                0x08006d92       0xa0 ./Drivers/STM32F4xx_HAL_Driver/Src/stm32f4xx_hal_uart.o
                0x08006d92                HAL_UART_Init
 .text.HAL_UART_Transmit
                0x08006e32      0x116 ./Drivers/STM32F4xx_HAL_Driver/Src/stm32f4xx_hal_uart.o
                0x08006e32                HAL_UART_Transmit
 .text.HAL_UARTEx_ReceiveToIdle_DMA
                0x08006f48       0xb2 ./Drivers/STM32F4xx_HAL_Driver/Src/stm32f4xx_hal_uart.o
                0x08006f48                HAL_UARTEx_ReceiveToIdle_DMA
 *fill*         0x08006ffa        0x2 
 .text.HAL_UART_IRQHandler
                0x08006ffc      0x554 ./Drivers/STM32F4xx_HAL_Driver/Src/stm32f4xx_hal_uart.o
                0x08006ffc                HAL_UART_IRQHandler
 .text.HAL_UART_TxCpltCallback
                0x08007550       0x14 ./Drivers/STM32F4xx_HAL_Driver/Src/stm32f4xx_hal_uart.o
                0x08007550                HAL_UART_TxCpltCallback
 .text.HAL_UART_RxCpltCallback
                0x08007564       0x14 ./Drivers/STM32F4xx_HAL_Driver/Src/stm32f4xx_hal_uart.o
                0x08007564                HAL_UART_RxCpltCallback
 .text.HAL_UART_RxHalfCpltCallback
                0x08007578       0x14 ./Drivers/STM32F4xx_HAL_Driver/Src/stm32f4xx_hal_uart.o
                0x08007578                HAL_UART_RxHalfCpltCallback
 .text.HAL_UART_ErrorCallback
                0x0800758c       0x14 ./Drivers/STM32F4xx_HAL_Driver/Src/stm32f4xx_hal_uart.o
                0x0800758c                HAL_UART_ErrorCallback
 .text.UART_DMAReceiveCplt
                0x080075a0      0x12c ./Drivers/STM32F4xx_HAL_Driver/Src/stm32f4xx_hal_uart.o
 .text.UART_DMARxHalfCplt
                0x080076cc       0x3c ./Drivers/STM32F4xx_HAL_Driver/Src/stm32f4xx_hal_uart.o
 .text.UART_DMAError
                0x08007708       0x94 ./Drivers/STM32F4xx_HAL_Driver/Src/stm32f4xx_hal_uart.o
 .text.UART_WaitOnFlagUntilTimeout
                0x0800779c       0xb2 ./Drivers/STM32F4xx_HAL_Driver/Src/stm32f4xx_hal_uart.o
 *fill*         0x0800784e        0x2 
 .text.UART_Start_Receive_DMA
                0x08007850      0x14c ./Drivers/STM32F4xx_HAL_Driver/Src/stm32f4xx_hal_uart.o
                0x08007850                UART_Start_Receive_DMA
 .text.UART_EndTxTransfer
                0x0800799c       0x50 ./Drivers/STM32F4xx_HAL_Driver/Src/stm32f4xx_hal_uart.o
 .text.UART_EndRxTransfer
                0x080079ec       0xc6 ./Drivers/STM32F4xx_HAL_Driver/Src/stm32f4xx_hal_uart.o
 .text.UART_DMAAbortOnError
                0x08007ab2       0x22 ./Drivers/STM32F4xx_HAL_Driver/Src/stm32f4xx_hal_uart.o
 .text.UART_Transmit_IT
                0x08007ad4       0xa0 ./Drivers/STM32F4xx_HAL_Driver/Src/stm32f4xx_hal_uart.o
 .text.UART_EndTransmit_IT
                0x08007b74       0x30 ./Drivers/STM32F4xx_HAL_Driver/Src/stm32f4xx_hal_uart.o
 .text.UART_Receive_IT
                0x08007ba4      0x17c ./Drivers/STM32F4xx_HAL_Driver/Src/stm32f4xx_hal_uart.o
 .text.UART_SetConfig
                0x08007d20      0x4e8 ./Drivers/STM32F4xx_HAL_Driver/Src/stm32f4xx_hal_uart.o
 .text.__NVIC_SetPriority
                0x08008208       0x54 ./Middlewares/Third_Party/FreeRTOS/Source/CMSIS_RTOS_V2/cmsis_os2.o
 .text.SVC_Setup
                0x0800825c       0x12 ./Middlewares/Third_Party/FreeRTOS/Source/CMSIS_RTOS_V2/cmsis_os2.o
 *fill*         0x0800826e        0x2 
 .text.osKernelInitialize
                0x08008270       0x48 ./Middlewares/Third_Party/FreeRTOS/Source/CMSIS_RTOS_V2/cmsis_os2.o
                0x08008270                osKernelInitialize
 .text.osKernelStart
                0x080082b8       0x4c ./Middlewares/Third_Party/FreeRTOS/Source/CMSIS_RTOS_V2/cmsis_os2.o
                0x080082b8                osKernelStart
 .text.osThreadNew
                0x08008304      0x124 ./Middlewares/Third_Party/FreeRTOS/Source/CMSIS_RTOS_V2/cmsis_os2.o
                0x08008304                osThreadNew
 .text.osDelay  0x08008428       0x36 ./Middlewares/Third_Party/FreeRTOS/Source/CMSIS_RTOS_V2/cmsis_os2.o
                0x08008428                osDelay
 *fill*         0x0800845e        0x2 
 .text.vApplicationGetIdleTaskMemory
                0x08008460       0x34 ./Middlewares/Third_Party/FreeRTOS/Source/CMSIS_RTOS_V2/cmsis_os2.o
                0x08008460                vApplicationGetIdleTaskMemory
 .text.vApplicationGetTimerTaskMemory
                0x08008494       0x34 ./Middlewares/Third_Party/FreeRTOS/Source/CMSIS_RTOS_V2/cmsis_os2.o
                0x08008494                vApplicationGetTimerTaskMemory
 .text.vListInitialise
                0x080084c8       0x40 ./Middlewares/Third_Party/FreeRTOS/Source/list.o
                0x080084c8                vListInitialise
 .text.vListInitialiseItem
                0x08008508       0x1a ./Middlewares/Third_Party/FreeRTOS/Source/list.o
                0x08008508                vListInitialiseItem
 .text.vListInsertEnd
                0x08008522       0x48 ./Middlewares/Third_Party/FreeRTOS/Source/list.o
                0x08008522                vListInsertEnd
 .text.vListInsert
                0x0800856a       0x72 ./Middlewares/Third_Party/FreeRTOS/Source/list.o
                0x0800856a                vListInsert
 .text.uxListRemove
                0x080085dc       0x54 ./Middlewares/Third_Party/FreeRTOS/Source/list.o
                0x080085dc                uxListRemove
 .text.xQueueGenericReset
                0x08008630       0xd4 ./Middlewares/Third_Party/FreeRTOS/Source/queue.o
                0x08008630                xQueueGenericReset
 .text.xQueueGenericCreateStatic
                0x08008704       0xfa ./Middlewares/Third_Party/FreeRTOS/Source/queue.o
                0x08008704                xQueueGenericCreateStatic
 .text.prvInitialiseNewQueue
                0x080087fe       0x46 ./Middlewares/Third_Party/FreeRTOS/Source/queue.o
 .text.xQueueGenericSend
                0x08008844      0x204 ./Middlewares/Third_Party/FreeRTOS/Source/queue.o
                0x08008844                xQueueGenericSend
 .text.xQueueGenericSendFromISR
                0x08008a48      0x13c ./Middlewares/Third_Party/FreeRTOS/Source/queue.o
                0x08008a48                xQueueGenericSendFromISR
 .text.xQueueReceive
                0x08008b84      0x1c4 ./Middlewares/Third_Party/FreeRTOS/Source/queue.o
                0x08008b84                xQueueReceive
 .text.prvCopyDataToQueue
                0x08008d48       0xd4 ./Middlewares/Third_Party/FreeRTOS/Source/queue.o
 .text.prvCopyDataFromQueue
                0x08008e1c       0x4c ./Middlewares/Third_Party/FreeRTOS/Source/queue.o
 .text.prvUnlockQueue
                0x08008e68       0xa4 ./Middlewares/Third_Party/FreeRTOS/Source/queue.o
 .text.prvIsQueueEmpty
                0x08008f0c       0x2c ./Middlewares/Third_Party/FreeRTOS/Source/queue.o
 .text.prvIsQueueFull
                0x08008f38       0x30 ./Middlewares/Third_Party/FreeRTOS/Source/queue.o
 .text.vQueueAddToRegistry
                0x08008f68       0x54 ./Middlewares/Third_Party/FreeRTOS/Source/queue.o
                0x08008f68                vQueueAddToRegistry
 .text.vQueueWaitForMessageRestricted
                0x08008fbc       0x68 ./Middlewares/Third_Party/FreeRTOS/Source/queue.o
                0x08008fbc                vQueueWaitForMessageRestricted
 .text.xTaskCreateStatic
                0x08009024       0xc0 ./Middlewares/Third_Party/FreeRTOS/Source/tasks.o
                0x08009024                xTaskCreateStatic
 .text.xTaskCreate
                0x080090e4       0x8a ./Middlewares/Third_Party/FreeRTOS/Source/tasks.o
                0x080090e4                xTaskCreate
 .text.prvInitialiseNewTask
                0x0800916e      0x120 ./Middlewares/Third_Party/FreeRTOS/Source/tasks.o
 *fill*         0x0800928e        0x2 
 .text.prvAddNewTaskToReadyList
                0x08009290       0xe0 ./Middlewares/Third_Party/FreeRTOS/Source/tasks.o
 .text.vTaskDelay
                0x08009370       0x6c ./Middlewares/Third_Party/FreeRTOS/Source/tasks.o
                0x08009370                vTaskDelay
 .text.vTaskStartScheduler
                0x080093dc       0xd0 ./Middlewares/Third_Party/FreeRTOS/Source/tasks.o
                0x080093dc                vTaskStartScheduler
 .text.vTaskSuspendAll
                0x080094ac       0x1c ./Middlewares/Third_Party/FreeRTOS/Source/tasks.o
                0x080094ac                vTaskSuspendAll
 .text.xTaskResumeAll
                0x080094c8      0x13c ./Middlewares/Third_Party/FreeRTOS/Source/tasks.o
                0x080094c8                xTaskResumeAll
 .text.xTaskGetTickCount
                0x08009604       0x20 ./Middlewares/Third_Party/FreeRTOS/Source/tasks.o
                0x08009604                xTaskGetTickCount
 .text.xTaskIncrementTick
                0x08009624      0x174 ./Middlewares/Third_Party/FreeRTOS/Source/tasks.o
                0x08009624                xTaskIncrementTick
 .text.vTaskSwitchContext
                0x08009798       0xbc ./Middlewares/Third_Party/FreeRTOS/Source/tasks.o
                0x08009798                vTaskSwitchContext
 .text.vTaskPlaceOnEventList
                0x08009854       0x4c ./Middlewares/Third_Party/FreeRTOS/Source/tasks.o
                0x08009854                vTaskPlaceOnEventList
 .text.vTaskPlaceOnEventListRestricted
                0x080098a0       0x58 ./Middlewares/Third_Party/FreeRTOS/Source/tasks.o
                0x080098a0                vTaskPlaceOnEventListRestricted
 .text.xTaskRemoveFromEventList
                0x080098f8       0xc8 ./Middlewares/Third_Party/FreeRTOS/Source/tasks.o
                0x080098f8                xTaskRemoveFromEventList
 .text.vTaskInternalSetTimeOutState
                0x080099c0       0x2c ./Middlewares/Third_Party/FreeRTOS/Source/tasks.o
                0x080099c0                vTaskInternalSetTimeOutState
 .text.xTaskCheckForTimeOut
                0x080099ec       0xc8 ./Middlewares/Third_Party/FreeRTOS/Source/tasks.o
                0x080099ec                xTaskCheckForTimeOut
 .text.vTaskMissedYield
                0x08009ab4       0x18 ./Middlewares/Third_Party/FreeRTOS/Source/tasks.o
                0x08009ab4                vTaskMissedYield
 .text.prvIdleTask
                0x08009acc       0x30 ./Middlewares/Third_Party/FreeRTOS/Source/tasks.o
 .text.prvInitialiseTaskLists
                0x08009afc       0x80 ./Middlewares/Third_Party/FreeRTOS/Source/tasks.o
 .text.prvCheckTasksWaitingTermination
                0x08009b7c       0x5c ./Middlewares/Third_Party/FreeRTOS/Source/tasks.o
 .text.prvDeleteTCB
                0x08009bd8       0x60 ./Middlewares/Third_Party/FreeRTOS/Source/tasks.o
 .text.prvResetNextTaskUnblockTime
                0x08009c38       0x40 ./Middlewares/Third_Party/FreeRTOS/Source/tasks.o
 .text.xTaskGetSchedulerState
                0x08009c78       0x3c ./Middlewares/Third_Party/FreeRTOS/Source/tasks.o
                0x08009c78                xTaskGetSchedulerState
 .text.xTaskPriorityDisinherit
                0x08009cb4       0xe0 ./Middlewares/Third_Party/FreeRTOS/Source/tasks.o
                0x08009cb4                xTaskPriorityDisinherit
 .text.prvAddCurrentTaskToDelayedList
                0x08009d94       0xa8 ./Middlewares/Third_Party/FreeRTOS/Source/tasks.o
 .text.xTimerCreateTimerTask
                0x08009e3c       0x94 ./Middlewares/Third_Party/FreeRTOS/Source/timers.o
                0x08009e3c                xTimerCreateTimerTask
 .text.xTimerGenericCommand
                0x08009ed0       0x9c ./Middlewares/Third_Party/FreeRTOS/Source/timers.o
                0x08009ed0                xTimerGenericCommand
 .text.prvProcessExpiredTimer
                0x08009f6c       0x9c ./Middlewares/Third_Party/FreeRTOS/Source/timers.o
 .text.prvTimerTask
                0x0800a008       0x26 ./Middlewares/Third_Party/FreeRTOS/Source/timers.o
 *fill*         0x0800a02e        0x2 
 .text.prvProcessTimerOrBlockTask
                0x0800a030       0x9c ./Middlewares/Third_Party/FreeRTOS/Source/timers.o
 .text.prvGetNextExpireTime
                0x0800a0cc       0x48 ./Middlewares/Third_Party/FreeRTOS/Source/timers.o
 .text.prvSampleTimeNow
                0x0800a114       0x40 ./Middlewares/Third_Party/FreeRTOS/Source/timers.o
 .text.prvInsertTimerInActiveList
                0x0800a154       0x84 ./Middlewares/Third_Party/FreeRTOS/Source/timers.o
 .text.prvProcessReceivedCommands
                0x0800a1d8      0x1cc ./Middlewares/Third_Party/FreeRTOS/Source/timers.o
 .text.prvSwitchTimerLists
                0x0800a3a4       0xcc ./Middlewares/Third_Party/FreeRTOS/Source/timers.o
 .text.prvCheckForValidListAndQueue
                0x0800a470       0x80 ./Middlewares/Third_Party/FreeRTOS/Source/timers.o
 .text.pxPortInitialiseStack
                0x0800a4f0       0x68 ./Middlewares/Third_Party/FreeRTOS/Source/portable/GCC/ARM_CM4F/port.o
                0x0800a4f0                pxPortInitialiseStack
 .text.prvTaskExitError
                0x0800a558       0x5c ./Middlewares/Third_Party/FreeRTOS/Source/portable/GCC/ARM_CM4F/port.o
 *fill*         0x0800a5b4        0xc 
 .text.SVC_Handler
                0x0800a5c0       0x28 ./Middlewares/Third_Party/FreeRTOS/Source/portable/GCC/ARM_CM4F/port.o
                0x0800a5c0                SVC_Handler
 .text.prvPortStartFirstTask
                0x0800a5e8       0x28 ./Middlewares/Third_Party/FreeRTOS/Source/portable/GCC/ARM_CM4F/port.o
 .text.xPortStartScheduler
                0x0800a610      0x148 ./Middlewares/Third_Party/FreeRTOS/Source/portable/GCC/ARM_CM4F/port.o
                0x0800a610                xPortStartScheduler
 .text.vPortEnterCritical
                0x0800a758       0x64 ./Middlewares/Third_Party/FreeRTOS/Source/portable/GCC/ARM_CM4F/port.o
                0x0800a758                vPortEnterCritical
 .text.vPortExitCritical
                0x0800a7bc       0x54 ./Middlewares/Third_Party/FreeRTOS/Source/portable/GCC/ARM_CM4F/port.o
                0x0800a7bc                vPortExitCritical
 .text.PendSV_Handler
                0x0800a810       0x68 ./Middlewares/Third_Party/FreeRTOS/Source/portable/GCC/ARM_CM4F/port.o
                0x0800a810                PendSV_Handler
 .text.xPortSysTickHandler
                0x0800a878       0x44 ./Middlewares/Third_Party/FreeRTOS/Source/portable/GCC/ARM_CM4F/port.o
                0x0800a878                xPortSysTickHandler
 .text.vPortSetupTimerInterrupt
                0x0800a8bc       0x48 ./Middlewares/Third_Party/FreeRTOS/Source/portable/GCC/ARM_CM4F/port.o
                0x0800a8bc                vPortSetupTimerInterrupt
 .text.vPortEnableVFP
                0x0800a904       0x14 ./Middlewares/Third_Party/FreeRTOS/Source/portable/GCC/ARM_CM4F/port.o
 .text.vPortValidateInterruptPriority
                0x0800a918       0x84 ./Middlewares/Third_Party/FreeRTOS/Source/portable/GCC/ARM_CM4F/port.o
                0x0800a918                vPortValidateInterruptPriority
 .text.pvPortMalloc
                0x0800a99c      0x19c ./Middlewares/Third_Party/FreeRTOS/Source/portable/MemMang/heap_4.o
                0x0800a99c                pvPortMalloc
 .text.vPortFree
                0x0800ab38       0xc8 ./Middlewares/Third_Party/FreeRTOS/Source/portable/MemMang/heap_4.o
                0x0800ab38                vPortFree
 .text.prvHeapInit
                0x0800ac00       0xc4 ./Middlewares/Third_Party/FreeRTOS/Source/portable/MemMang/heap_4.o
 .text.prvInsertBlockIntoFreeList
                0x0800acc4       0xb4 ./Middlewares/Third_Party/FreeRTOS/Source/portable/MemMang/heap_4.o
 .text.BMI088_init
                0x0800ad78       0x30 ./libraries/src/BMI088.o
                0x0800ad78                BMI088_init
 .text.BMI088_accel_init
                0x0800ada8      0x170 ./libraries/src/BMI088.o
                0x0800ada8                BMI088_accel_init
 .text.BMI088_gyro_init
                0x0800af18      0x130 ./libraries/src/BMI088.o
                0x0800af18                BMI088_gyro_init
 .text.IMU_get_gyro
                0x0800b048       0x4c ./libraries/src/BMI088.o
                0x0800b048                IMU_get_gyro
 .text.BMI088_read
                0x0800b094      0x1d4 ./libraries/src/BMI088.o
                0x0800b094                BMI088_read
 .text.BMI088_write_single_reg
                0x0800b268       0x28 ./libraries/src/BMI088.o
 .text.BMI088_read_single_reg
                0x0800b290       0x30 ./libraries/src/BMI088.o
 .text.BMI088_read_muli_reg
                0x0800b2c0       0x4a ./libraries/src/BMI088.o
 .text.BMI088_delay_ms
                0x0800b30a       0x28 ./libraries/src/BMI088.o
                0x0800b30a                BMI088_delay_ms
 *fill*         0x0800b332        0x2 
 .text.BMI088_delay_us
                0x0800b334       0x88 ./libraries/src/BMI088.o
                0x0800b334                BMI088_delay_us
 .text.BMI088_ACCEL_NS_L
                0x0800b3bc       0x20 ./libraries/src/BMI088.o
                0x0800b3bc                BMI088_ACCEL_NS_L
 .text.BMI088_ACCEL_NS_H
                0x0800b3dc       0x20 ./libraries/src/BMI088.o
                0x0800b3dc                BMI088_ACCEL_NS_H
 .text.BMI088_GYRO_NS_L
                0x0800b3fc       0x20 ./libraries/src/BMI088.o
                0x0800b3fc                BMI088_GYRO_NS_L
 .text.BMI088_GYRO_NS_H
                0x0800b41c       0x20 ./libraries/src/BMI088.o
                0x0800b41c                BMI088_GYRO_NS_H
 .text.BMI088_read_write_byte
                0x0800b43c       0x2c ./libraries/src/BMI088.o
                0x0800b43c                BMI088_read_write_byte
 .text.BMI088_INIT
                0x0800b468       0x5c ./libraries/src/BMI088.o
                0x0800b468                BMI088_INIT
 .text.BMI088_Update
                0x0800b4c4       0x9c ./libraries/src/BMI088.o
                0x0800b4c4                BMI088_Update
 .text.PID_init
                0x0800b560       0xae ./libraries/src/BMI088.o
                0x0800b560                PID_init
 .text.PID_calc
                0x0800b60e      0x186 ./libraries/src/BMI088.o
                0x0800b60e                PID_calc
 .text.HAL_CAN_RxFifo0MsgPendingCallback
                0x0800b794       0x64 ./libraries/src/CAN_Core.o
                0x0800b794                HAL_CAN_RxFifo0MsgPendingCallback
 .text._CAN_LinkLib
                0x0800b7f8       0x88 ./libraries/src/CAN_Core.o
                0x0800b7f8                _CAN_LinkLib
 .text.CAN_Transmit
                0x0800b880       0x34 ./libraries/src/CAN_Core.o
                0x0800b880                CAN_Transmit
 .text.CAN_Init
                0x0800b8b4       0x52 ./libraries/src/CAN_Core.o
                0x0800b8b4                CAN_Init
 *fill*         0x0800b906        0x2 
 .text._CAN_Init_Buses
                0x0800b908       0x64 ./libraries/src/CAN_Core.o
                0x0800b908                _CAN_Init_Buses
 .text.CAN_RMMotors
                0x0800b96c       0x1c ./libraries/src/CAN_RMMotors.o
                0x0800b96c                CAN_RMMotors
 .text._CAN_RM_Init_Buses
                0x0800b988       0x74 ./libraries/src/CAN_RMMotors.o
                0x0800b988                _CAN_RM_Init_Buses
 .text._CAN_RM_Init
                0x0800b9fc      0x5e0 ./libraries/src/CAN_RMMotors.o
                0x0800b9fc                _CAN_RM_Init
 *fill*         0x0800bfdc        0x4 
 .text.setC610RPM
                0x0800bfe0      0x3a4 ./libraries/src/CAN_RMMotors.o
                0x0800bfe0                setC610RPM
 .text.setC620RPM
                0x0800c384      0x3a0 ./libraries/src/CAN_RMMotors.o
                0x0800c384                setC620RPM
 *fill*         0x0800c724        0x4 
 .text.set6020Pos
                0x0800c728      0x404 ./libraries/src/CAN_RMMotors.o
                0x0800c728                set6020Pos
 *fill*         0x0800cb2c        0x4 
 .text.set6020RPM
                0x0800cb30      0x3ac ./libraries/src/CAN_RMMotors.o
                0x0800cb30                set6020RPM
 .text.CAN_RM_SetCurrent
                0x0800cedc       0xb0 ./libraries/src/CAN_RMMotors.o
                0x0800cedc                CAN_RM_SetCurrent
 .text.CAN_RM_Update
                0x0800cf8c      0x118 ./libraries/src/CAN_RMMotors.o
                0x0800cf8c                CAN_RM_Update
 .text.CAN_RM_Recieve
                0x0800d0a4      0x630 ./libraries/src/CAN_RMMotors.o
                0x0800d0a4                CAN_RM_Recieve
 .text.getC610RPM
                0x0800d6d4       0x78 ./libraries/src/CAN_RMMotors.o
                0x0800d6d4                getC610RPM
 .text.getC620RPM
                0x0800d74c       0x78 ./libraries/src/CAN_RMMotors.o
                0x0800d74c                getC620RPM
 .text.get6020Pos
                0x0800d7c4       0x78 ./libraries/src/CAN_RMMotors.o
                0x0800d7c4                get6020Pos
 .text.get6020RPM
                0x0800d83c       0x78 ./libraries/src/CAN_RMMotors.o
                0x0800d83c                get6020RPM
 .text.DBUS_DR16
                0x0800d8b4       0x24 ./libraries/src/DBUS_DR16.o
                0x0800d8b4                DBUS_DR16
 .text.DBUS_DR16_Recieve
                0x0800d8d8       0x3c ./libraries/src/DBUS_DR16.o
                0x0800d8d8                DBUS_DR16_Recieve
 .text.MPU6050_ACCEL_SENS
                0x0800d914       0x74 ./libraries/src/MPU6050.o
                0x0800d914                MPU6050_ACCEL_SENS
 .text.MPU6050_GYRO_SENS
                0x0800d988       0x74 ./libraries/src/MPU6050.o
                0x0800d988                MPU6050_GYRO_SENS
 .text._MPU6050_FunctionReadChecker
                0x0800d9fc       0x50 ./libraries/src/MPU6050.o
                0x0800d9fc                _MPU6050_FunctionReadChecker
 .text._MPU6050_FunctionWriteChecker
                0x0800da4c       0x58 ./libraries/src/MPU6050.o
                0x0800da4c                _MPU6050_FunctionWriteChecker
 .text.MPU6050_INIT
                0x0800daa4       0x68 ./libraries/src/MPU6050.o
                0x0800daa4                MPU6050_INIT
 *fill*         0x0800db0c        0x4 
 .text.MPU6050_Update
                0x0800db10      0x168 ./libraries/src/MPU6050.o
                0x0800db10                MPU6050_Update
 .text.MPU6050_get_gyro_z
                0x0800dc78       0x1c ./libraries/src/MPU6050.o
                0x0800dc78                MPU6050_get_gyro_z
 .text.PID_Calculate
                0x0800dc94      0x354 ./libraries/src/PID.o
                0x0800dc94                PID_Calculate
 .text.PID_New  0x0800dfe8       0xf8 ./libraries/src/PID.o
                0x0800dfe8                PID_New
 .text.PID_Init
                0x0800e0e0       0x48 ./libraries/src/PID.o
                0x0800e0e0                PID_Init
 .text.PID_GetDT
                0x0800e128       0x46 ./libraries/src/PID.o
                0x0800e128                PID_GetDT
 *fill*         0x0800e16e        0x2 
 .text._UART_LinkLib
                0x0800e170       0x88 ./libraries/src/UART_Core.o
                0x0800e170                _UART_LinkLib
 .text.UART_Init
                0x0800e1f8       0x1c ./libraries/src/UART_Core.o
                0x0800e1f8                UART_Init
 .text.UART_Ex_Init
                0x0800e214       0xcc ./libraries/src/UART_Core.o
                0x0800e214                UART_Ex_Init
 .text.HAL_UARTEx_RxEventCallback
                0x0800e2e0       0xc8 ./libraries/src/UART_Core.o
                0x0800e2e0                HAL_UARTEx_RxEventCallback
 .text._UART_Printf_Num
                0x0800e3a8       0x7c ./libraries/src/UART_Core.o
                0x0800e3a8                _UART_Printf_Num
 .text.UART_IBUS
                0x0800e424       0x1c ./libraries/src/UART_IBUS.o
                0x0800e424                UART_IBUS
 .text.UART_IBUS_Recieve
                0x0800e440       0x68 ./libraries/src/UART_IBUS.o
                0x0800e440                UART_IBUS_Recieve
 .text.ScalerConversion
                0x0800e4a8       0x64 ./libraries/src/UART_IBUS.o
                0x0800e4a8                ScalerConversion
 .text.getIBUSCH1
                0x0800e50c       0x3c ./libraries/src/UART_IBUS.o
                0x0800e50c                getIBUSCH1
 .text.getIBUSCH2
                0x0800e548       0x3c ./libraries/src/UART_IBUS.o
                0x0800e548                getIBUSCH2
 .text.getIBUSCH5
                0x0800e584       0x3c ./libraries/src/UART_IBUS.o
                0x0800e584                getIBUSCH5
 .text.getIBUSCH6
                0x0800e5c0       0x3c ./libraries/src/UART_IBUS.o
                0x0800e5c0                getIBUSCH6
 .text.getIBUSCH7
                0x0800e5fc       0x3c ./libraries/src/UART_IBUS.o
                0x0800e5fc                getIBUSCH7
 .text.getIBUSCH8
                0x0800e638       0x3c ./libraries/src/UART_IBUS.o
                0x0800e638                getIBUSCH8
 .text.calloc   0x0800e674       0x10 C:/ST/STM32CubeIDE_1.19.0/STM32CubeIDE/plugins/com.st.stm32cube.ide.mcu.externaltools.gnu-tools-for-stm32.13.3.rel1.win32_1.0.0.202411081344/tools/bin/../lib/gcc/arm-none-eabi/13.3.1/../../../../arm-none-eabi/lib/thumb/v7e-m+fp/hard\libc_nano.a(libc_a-calloc.o)
                0x0800e674                calloc
 .text._calloc_r
                0x0800e684       0x28 C:/ST/STM32CubeIDE_1.19.0/STM32CubeIDE/plugins/com.st.stm32cube.ide.mcu.externaltools.gnu-tools-for-stm32.13.3.rel1.win32_1.0.0.202411081344/tools/bin/../lib/gcc/arm-none-eabi/13.3.1/../../../../arm-none-eabi/lib/thumb/v7e-m+fp/hard\libc_nano.a(libc_a-callocr.o)
                0x0800e684                _calloc_r
 .text.malloc   0x0800e6ac       0x10 C:/ST/STM32CubeIDE_1.19.0/STM32CubeIDE/plugins/com.st.stm32cube.ide.mcu.externaltools.gnu-tools-for-stm32.13.3.rel1.win32_1.0.0.202411081344/tools/bin/../lib/gcc/arm-none-eabi/13.3.1/../../../../arm-none-eabi/lib/thumb/v7e-m+fp/hard\libc_nano.a(libc_a-malloc.o)
                0x0800e6ac                malloc
 .text.free     0x0800e6bc       0x10 C:/ST/STM32CubeIDE_1.19.0/STM32CubeIDE/plugins/com.st.stm32cube.ide.mcu.externaltools.gnu-tools-for-stm32.13.3.rel1.win32_1.0.0.202411081344/tools/bin/../lib/gcc/arm-none-eabi/13.3.1/../../../../arm-none-eabi/lib/thumb/v7e-m+fp/hard\libc_nano.a(libc_a-malloc.o)
                0x0800e6bc                free
 .text.sbrk_aligned
                0x0800e6cc       0x44 C:/ST/STM32CubeIDE_1.19.0/STM32CubeIDE/plugins/com.st.stm32cube.ide.mcu.externaltools.gnu-tools-for-stm32.13.3.rel1.win32_1.0.0.202411081344/tools/bin/../lib/gcc/arm-none-eabi/13.3.1/../../../../arm-none-eabi/lib/thumb/v7e-m+fp/hard\libc_nano.a(libc_a-mallocr.o)
 .text._malloc_r
                0x0800e710      0x100 C:/ST/STM32CubeIDE_1.19.0/STM32CubeIDE/plugins/com.st.stm32cube.ide.mcu.externaltools.gnu-tools-for-stm32.13.3.rel1.win32_1.0.0.202411081344/tools/bin/../lib/gcc/arm-none-eabi/13.3.1/../../../../arm-none-eabi/lib/thumb/v7e-m+fp/hard\libc_nano.a(libc_a-mallocr.o)
                0x0800e710                _malloc_r
 .text.__malloc_lock
                0x0800e810        0xc C:/ST/STM32CubeIDE_1.19.0/STM32CubeIDE/plugins/com.st.stm32cube.ide.mcu.externaltools.gnu-tools-for-stm32.13.3.rel1.win32_1.0.0.202411081344/tools/bin/../lib/gcc/arm-none-eabi/13.3.1/../../../../arm-none-eabi/lib/thumb/v7e-m+fp/hard\libc_nano.a(libc_a-mlock.o)
                0x0800e810                __malloc_lock
 .text.__malloc_unlock
                0x0800e81c        0xc C:/ST/STM32CubeIDE_1.19.0/STM32CubeIDE/plugins/com.st.stm32cube.ide.mcu.externaltools.gnu-tools-for-stm32.13.3.rel1.win32_1.0.0.202411081344/tools/bin/../lib/gcc/arm-none-eabi/13.3.1/../../../../arm-none-eabi/lib/thumb/v7e-m+fp/hard\libc_nano.a(libc_a-mlock.o)
                0x0800e81c                __malloc_unlock
 .text.realloc  0x0800e828       0x10 C:/ST/STM32CubeIDE_1.19.0/STM32CubeIDE/plugins/com.st.stm32cube.ide.mcu.externaltools.gnu-tools-for-stm32.13.3.rel1.win32_1.0.0.202411081344/tools/bin/../lib/gcc/arm-none-eabi/13.3.1/../../../../arm-none-eabi/lib/thumb/v7e-m+fp/hard\libc_nano.a(libc_a-realloc.o)
                0x0800e828                realloc
 .text._realloc_r
                0x0800e838       0x5c C:/ST/STM32CubeIDE_1.19.0/STM32CubeIDE/plugins/com.st.stm32cube.ide.mcu.externaltools.gnu-tools-for-stm32.13.3.rel1.win32_1.0.0.202411081344/tools/bin/../lib/gcc/arm-none-eabi/13.3.1/../../../../arm-none-eabi/lib/thumb/v7e-m+fp/hard\libc_nano.a(libc_a-reallocr.o)
                0x0800e838                _realloc_r
 .text.__cvt    0x0800e894       0xca C:/ST/STM32CubeIDE_1.19.0/STM32CubeIDE/plugins/com.st.stm32cube.ide.mcu.externaltools.gnu-tools-for-stm32.13.3.rel1.win32_1.0.0.202411081344/tools/bin/../lib/gcc/arm-none-eabi/13.3.1/../../../../arm-none-eabi/lib/thumb/v7e-m+fp/hard\libc_nano.a(libc_a-nano-vfprintf_float.o)
                0x0800e894                __cvt
 .text.__exponent
                0x0800e95e       0x74 C:/ST/STM32CubeIDE_1.19.0/STM32CubeIDE/plugins/com.st.stm32cube.ide.mcu.externaltools.gnu-tools-for-stm32.13.3.rel1.win32_1.0.0.202411081344/tools/bin/../lib/gcc/arm-none-eabi/13.3.1/../../../../arm-none-eabi/lib/thumb/v7e-m+fp/hard\libc_nano.a(libc_a-nano-vfprintf_float.o)
                0x0800e95e                __exponent
 *fill*         0x0800e9d2        0x2 
 .text._printf_float
                0x0800e9d4      0x454 C:/ST/STM32CubeIDE_1.19.0/STM32CubeIDE/plugins/com.st.stm32cube.ide.mcu.externaltools.gnu-tools-for-stm32.13.3.rel1.win32_1.0.0.202411081344/tools/bin/../lib/gcc/arm-none-eabi/13.3.1/../../../../arm-none-eabi/lib/thumb/v7e-m+fp/hard\libc_nano.a(libc_a-nano-vfprintf_float.o)
                0x0800e9d4                _printf_float
 .text._printf_common
                0x0800ee28       0xda C:/ST/STM32CubeIDE_1.19.0/STM32CubeIDE/plugins/com.st.stm32cube.ide.mcu.externaltools.gnu-tools-for-stm32.13.3.rel1.win32_1.0.0.202411081344/tools/bin/../lib/gcc/arm-none-eabi/13.3.1/../../../../arm-none-eabi/lib/thumb/v7e-m+fp/hard\libc_nano.a(libc_a-nano-vfprintf_i.o)
                0x0800ee28                _printf_common
 *fill*         0x0800ef02        0x2 
 .text._printf_i
                0x0800ef04      0x23c C:/ST/STM32CubeIDE_1.19.0/STM32CubeIDE/plugins/com.st.stm32cube.ide.mcu.externaltools.gnu-tools-for-stm32.13.3.rel1.win32_1.0.0.202411081344/tools/bin/../lib/gcc/arm-none-eabi/13.3.1/../../../../arm-none-eabi/lib/thumb/v7e-m+fp/hard\libc_nano.a(libc_a-nano-vfprintf_i.o)
                0x0800ef04                _printf_i
 .text.std      0x0800f140       0x6c C:/ST/STM32CubeIDE_1.19.0/STM32CubeIDE/plugins/com.st.stm32cube.ide.mcu.externaltools.gnu-tools-for-stm32.13.3.rel1.win32_1.0.0.202411081344/tools/bin/../lib/gcc/arm-none-eabi/13.3.1/../../../../arm-none-eabi/lib/thumb/v7e-m+fp/hard\libc_nano.a(libc_a-findfp.o)
 .text.stdio_exit_handler
                0x0800f1ac       0x18 C:/ST/STM32CubeIDE_1.19.0/STM32CubeIDE/plugins/com.st.stm32cube.ide.mcu.externaltools.gnu-tools-for-stm32.13.3.rel1.win32_1.0.0.202411081344/tools/bin/../lib/gcc/arm-none-eabi/13.3.1/../../../../arm-none-eabi/lib/thumb/v7e-m+fp/hard\libc_nano.a(libc_a-findfp.o)
 .text.cleanup_stdio
                0x0800f1c4       0x40 C:/ST/STM32CubeIDE_1.19.0/STM32CubeIDE/plugins/com.st.stm32cube.ide.mcu.externaltools.gnu-tools-for-stm32.13.3.rel1.win32_1.0.0.202411081344/tools/bin/../lib/gcc/arm-none-eabi/13.3.1/../../../../arm-none-eabi/lib/thumb/v7e-m+fp/hard\libc_nano.a(libc_a-findfp.o)
 .text.global_stdio_init.part.0
                0x0800f204       0x3c C:/ST/STM32CubeIDE_1.19.0/STM32CubeIDE/plugins/com.st.stm32cube.ide.mcu.externaltools.gnu-tools-for-stm32.13.3.rel1.win32_1.0.0.202411081344/tools/bin/../lib/gcc/arm-none-eabi/13.3.1/../../../../arm-none-eabi/lib/thumb/v7e-m+fp/hard\libc_nano.a(libc_a-findfp.o)
 .text.__sfp_lock_acquire
                0x0800f240        0xc C:/ST/STM32CubeIDE_1.19.0/STM32CubeIDE/plugins/com.st.stm32cube.ide.mcu.externaltools.gnu-tools-for-stm32.13.3.rel1.win32_1.0.0.202411081344/tools/bin/../lib/gcc/arm-none-eabi/13.3.1/../../../../arm-none-eabi/lib/thumb/v7e-m+fp/hard\libc_nano.a(libc_a-findfp.o)
                0x0800f240                __sfp_lock_acquire
 .text.__sfp_lock_release
                0x0800f24c        0xc C:/ST/STM32CubeIDE_1.19.0/STM32CubeIDE/plugins/com.st.stm32cube.ide.mcu.externaltools.gnu-tools-for-stm32.13.3.rel1.win32_1.0.0.202411081344/tools/bin/../lib/gcc/arm-none-eabi/13.3.1/../../../../arm-none-eabi/lib/thumb/v7e-m+fp/hard\libc_nano.a(libc_a-findfp.o)
                0x0800f24c                __sfp_lock_release
 .text.__sinit  0x0800f258       0x30 C:/ST/STM32CubeIDE_1.19.0/STM32CubeIDE/plugins/com.st.stm32cube.ide.mcu.externaltools.gnu-tools-for-stm32.13.3.rel1.win32_1.0.0.202411081344/tools/bin/../lib/gcc/arm-none-eabi/13.3.1/../../../../arm-none-eabi/lib/thumb/v7e-m+fp/hard\libc_nano.a(libc_a-findfp.o)
                0x0800f258                __sinit
 .text._fwalk_sglue
                0x0800f288       0x3c C:/ST/STM32CubeIDE_1.19.0/STM32CubeIDE/plugins/com.st.stm32cube.ide.mcu.externaltools.gnu-tools-for-stm32.13.3.rel1.win32_1.0.0.202411081344/tools/bin/../lib/gcc/arm-none-eabi/13.3.1/../../../../arm-none-eabi/lib/thumb/v7e-m+fp/hard\libc_nano.a(libc_a-fwalk.o)
                0x0800f288                _fwalk_sglue
 .text.__sread  0x0800f2c4       0x22 C:/ST/STM32CubeIDE_1.19.0/STM32CubeIDE/plugins/com.st.stm32cube.ide.mcu.externaltools.gnu-tools-for-stm32.13.3.rel1.win32_1.0.0.202411081344/tools/bin/../lib/gcc/arm-none-eabi/13.3.1/../../../../arm-none-eabi/lib/thumb/v7e-m+fp/hard\libc_nano.a(libc_a-stdio.o)
                0x0800f2c4                __sread
 .text.__swrite
                0x0800f2e6       0x38 C:/ST/STM32CubeIDE_1.19.0/STM32CubeIDE/plugins/com.st.stm32cube.ide.mcu.externaltools.gnu-tools-for-stm32.13.3.rel1.win32_1.0.0.202411081344/tools/bin/../lib/gcc/arm-none-eabi/13.3.1/../../../../arm-none-eabi/lib/thumb/v7e-m+fp/hard\libc_nano.a(libc_a-stdio.o)
                0x0800f2e6                __swrite
 .text.__sseek  0x0800f31e       0x24 C:/ST/STM32CubeIDE_1.19.0/STM32CubeIDE/plugins/com.st.stm32cube.ide.mcu.externaltools.gnu-tools-for-stm32.13.3.rel1.win32_1.0.0.202411081344/tools/bin/../lib/gcc/arm-none-eabi/13.3.1/../../../../arm-none-eabi/lib/thumb/v7e-m+fp/hard\libc_nano.a(libc_a-stdio.o)
                0x0800f31e                __sseek
 .text.__sclose
                0x0800f342        0x8 C:/ST/STM32CubeIDE_1.19.0/STM32CubeIDE/plugins/com.st.stm32cube.ide.mcu.externaltools.gnu-tools-for-stm32.13.3.rel1.win32_1.0.0.202411081344/tools/bin/../lib/gcc/arm-none-eabi/13.3.1/../../../../arm-none-eabi/lib/thumb/v7e-m+fp/hard\libc_nano.a(libc_a-stdio.o)
                0x0800f342                __sclose
 *fill*         0x0800f34a        0x2 
 .text._vsprintf_r
                0x0800f34c       0x2c C:/ST/STM32CubeIDE_1.19.0/STM32CubeIDE/plugins/com.st.stm32cube.ide.mcu.externaltools.gnu-tools-for-stm32.13.3.rel1.win32_1.0.0.202411081344/tools/bin/../lib/gcc/arm-none-eabi/13.3.1/../../../../arm-none-eabi/lib/thumb/v7e-m+fp/hard\libc_nano.a(libc_a-vsprintf.o)
                0x0800f34c                _vsprintf_r
                0x0800f34c                _vsiprintf_r
 .text.vsprintf
                0x0800f378       0x14 C:/ST/STM32CubeIDE_1.19.0/STM32CubeIDE/plugins/com.st.stm32cube.ide.mcu.externaltools.gnu-tools-for-stm32.13.3.rel1.win32_1.0.0.202411081344/tools/bin/../lib/gcc/arm-none-eabi/13.3.1/../../../../arm-none-eabi/lib/thumb/v7e-m+fp/hard\libc_nano.a(libc_a-vsprintf.o)
                0x0800f378                vsiprintf
                0x0800f378                vsprintf
 .text.memmove  0x0800f38c       0x34 C:/ST/STM32CubeIDE_1.19.0/STM32CubeIDE/plugins/com.st.stm32cube.ide.mcu.externaltools.gnu-tools-for-stm32.13.3.rel1.win32_1.0.0.202411081344/tools/bin/../lib/gcc/arm-none-eabi/13.3.1/../../../../arm-none-eabi/lib/thumb/v7e-m+fp/hard\libc_nano.a(libc_a-memmove.o)
                0x0800f38c                memmove
 .text.memset   0x0800f3c0       0x10 C:/ST/STM32CubeIDE_1.19.0/STM32CubeIDE/plugins/com.st.stm32cube.ide.mcu.externaltools.gnu-tools-for-stm32.13.3.rel1.win32_1.0.0.202411081344/tools/bin/../lib/gcc/arm-none-eabi/13.3.1/../../../../arm-none-eabi/lib/thumb/v7e-m+fp/hard\libc_nano.a(libc_a-memset.o)
                0x0800f3c0                memset
 .text._localeconv_r
                0x0800f3d0        0x8 C:/ST/STM32CubeIDE_1.19.0/STM32CubeIDE/plugins/com.st.stm32cube.ide.mcu.externaltools.gnu-tools-for-stm32.13.3.rel1.win32_1.0.0.202411081344/tools/bin/../lib/gcc/arm-none-eabi/13.3.1/../../../../arm-none-eabi/lib/thumb/v7e-m+fp/hard\libc_nano.a(libc_a-localeconv.o)
                0x0800f3d0                _localeconv_r
 .text._close_r
                0x0800f3d8       0x20 C:/ST/STM32CubeIDE_1.19.0/STM32CubeIDE/plugins/com.st.stm32cube.ide.mcu.externaltools.gnu-tools-for-stm32.13.3.rel1.win32_1.0.0.202411081344/tools/bin/../lib/gcc/arm-none-eabi/13.3.1/../../../../arm-none-eabi/lib/thumb/v7e-m+fp/hard\libc_nano.a(libc_a-closer.o)
                0x0800f3d8                _close_r
 .text._lseek_r
                0x0800f3f8       0x24 C:/ST/STM32CubeIDE_1.19.0/STM32CubeIDE/plugins/com.st.stm32cube.ide.mcu.externaltools.gnu-tools-for-stm32.13.3.rel1.win32_1.0.0.202411081344/tools/bin/../lib/gcc/arm-none-eabi/13.3.1/../../../../arm-none-eabi/lib/thumb/v7e-m+fp/hard\libc_nano.a(libc_a-lseekr.o)
                0x0800f3f8                _lseek_r
 .text._read_r  0x0800f41c       0x24 C:/ST/STM32CubeIDE_1.19.0/STM32CubeIDE/plugins/com.st.stm32cube.ide.mcu.externaltools.gnu-tools-for-stm32.13.3.rel1.win32_1.0.0.202411081344/tools/bin/../lib/gcc/arm-none-eabi/13.3.1/../../../../arm-none-eabi/lib/thumb/v7e-m+fp/hard\libc_nano.a(libc_a-readr.o)
                0x0800f41c                _read_r
 .text._sbrk_r  0x0800f440       0x20 C:/ST/STM32CubeIDE_1.19.0/STM32CubeIDE/plugins/com.st.stm32cube.ide.mcu.externaltools.gnu-tools-for-stm32.13.3.rel1.win32_1.0.0.202411081344/tools/bin/../lib/gcc/arm-none-eabi/13.3.1/../../../../arm-none-eabi/lib/thumb/v7e-m+fp/hard\libc_nano.a(libc_a-sbrkr.o)
                0x0800f440                _sbrk_r
 .text._write_r
                0x0800f460       0x24 C:/ST/STM32CubeIDE_1.19.0/STM32CubeIDE/plugins/com.st.stm32cube.ide.mcu.externaltools.gnu-tools-for-stm32.13.3.rel1.win32_1.0.0.202411081344/tools/bin/../lib/gcc/arm-none-eabi/13.3.1/../../../../arm-none-eabi/lib/thumb/v7e-m+fp/hard\libc_nano.a(libc_a-writer.o)
                0x0800f460                _write_r
 .text.__errno  0x0800f484        0xc C:/ST/STM32CubeIDE_1.19.0/STM32CubeIDE/plugins/com.st.stm32cube.ide.mcu.externaltools.gnu-tools-for-stm32.13.3.rel1.win32_1.0.0.202411081344/tools/bin/../lib/gcc/arm-none-eabi/13.3.1/../../../../arm-none-eabi/lib/thumb/v7e-m+fp/hard\libc_nano.a(libc_a-errno.o)
                0x0800f484                __errno
 .text.__libc_init_array
                0x0800f490       0x48 C:/ST/STM32CubeIDE_1.19.0/STM32CubeIDE/plugins/com.st.stm32cube.ide.mcu.externaltools.gnu-tools-for-stm32.13.3.rel1.win32_1.0.0.202411081344/tools/bin/../lib/gcc/arm-none-eabi/13.3.1/../../../../arm-none-eabi/lib/thumb/v7e-m+fp/hard\libc_nano.a(libc_a-init.o)
                0x0800f490                __libc_init_array
 .text.__retarget_lock_init_recursive
                0x0800f4d8        0x2 C:/ST/STM32CubeIDE_1.19.0/STM32CubeIDE/plugins/com.st.stm32cube.ide.mcu.externaltools.gnu-tools-for-stm32.13.3.rel1.win32_1.0.0.202411081344/tools/bin/../lib/gcc/arm-none-eabi/13.3.1/../../../../arm-none-eabi/lib/thumb/v7e-m+fp/hard\libc_nano.a(libc_a-lock.o)
                0x0800f4d8                __retarget_lock_init_recursive
 .text.__retarget_lock_acquire_recursive
                0x0800f4da        0x2 C:/ST/STM32CubeIDE_1.19.0/STM32CubeIDE/plugins/com.st.stm32cube.ide.mcu.externaltools.gnu-tools-for-stm32.13.3.rel1.win32_1.0.0.202411081344/tools/bin/../lib/gcc/arm-none-eabi/13.3.1/../../../../arm-none-eabi/lib/thumb/v7e-m+fp/hard\libc_nano.a(libc_a-lock.o)
                0x0800f4da                __retarget_lock_acquire_recursive
 .text.__retarget_lock_release_recursive
                0x0800f4dc        0x2 C:/ST/STM32CubeIDE_1.19.0/STM32CubeIDE/plugins/com.st.stm32cube.ide.mcu.externaltools.gnu-tools-for-stm32.13.3.rel1.win32_1.0.0.202411081344/tools/bin/../lib/gcc/arm-none-eabi/13.3.1/../../../../arm-none-eabi/lib/thumb/v7e-m+fp/hard\libc_nano.a(libc_a-lock.o)
                0x0800f4dc                __retarget_lock_release_recursive
 .text.memcpy   0x0800f4de       0x1c C:/ST/STM32CubeIDE_1.19.0/STM32CubeIDE/plugins/com.st.stm32cube.ide.mcu.externaltools.gnu-tools-for-stm32.13.3.rel1.win32_1.0.0.202411081344/tools/bin/../lib/gcc/arm-none-eabi/13.3.1/../../../../arm-none-eabi/lib/thumb/v7e-m+fp/hard\libc_nano.a(libc_a-memcpy-stub.o)
                0x0800f4de                memcpy
 .text.quorem   0x0800f4fa      0x110 C:/ST/STM32CubeIDE_1.19.0/STM32CubeIDE/plugins/com.st.stm32cube.ide.mcu.externaltools.gnu-tools-for-stm32.13.3.rel1.win32_1.0.0.202411081344/tools/bin/../lib/gcc/arm-none-eabi/13.3.1/../../../../arm-none-eabi/lib/thumb/v7e-m+fp/hard\libc_nano.a(libc_a-dtoa.o)
 *fill*         0x0800f60a        0x6 
 .text._dtoa_r  0x0800f610      0xba0 C:/ST/STM32CubeIDE_1.19.0/STM32CubeIDE/plugins/com.st.stm32cube.ide.mcu.externaltools.gnu-tools-for-stm32.13.3.rel1.win32_1.0.0.202411081344/tools/bin/../lib/gcc/arm-none-eabi/13.3.1/../../../../arm-none-eabi/lib/thumb/v7e-m+fp/hard\libc_nano.a(libc_a-dtoa.o)
                0x0800f610                _dtoa_r
 .text._free_r  0x080101b0       0x94 C:/ST/STM32CubeIDE_1.19.0/STM32CubeIDE/plugins/com.st.stm32cube.ide.mcu.externaltools.gnu-tools-for-stm32.13.3.rel1.win32_1.0.0.202411081344/tools/bin/../lib/gcc/arm-none-eabi/13.3.1/../../../../arm-none-eabi/lib/thumb/v7e-m+fp/hard\libc_nano.a(libc_a-freer.o)
                0x080101b0                _free_r
 .text._Balloc  0x08010244       0x80 C:/ST/STM32CubeIDE_1.19.0/STM32CubeIDE/plugins/com.st.stm32cube.ide.mcu.externaltools.gnu-tools-for-stm32.13.3.rel1.win32_1.0.0.202411081344/tools/bin/../lib/gcc/arm-none-eabi/13.3.1/../../../../arm-none-eabi/lib/thumb/v7e-m+fp/hard\libc_nano.a(libc_a-mprec.o)
                0x08010244                _Balloc
 .text._Bfree   0x080102c4       0x44 C:/ST/STM32CubeIDE_1.19.0/STM32CubeIDE/plugins/com.st.stm32cube.ide.mcu.externaltools.gnu-tools-for-stm32.13.3.rel1.win32_1.0.0.202411081344/tools/bin/../lib/gcc/arm-none-eabi/13.3.1/../../../../arm-none-eabi/lib/thumb/v7e-m+fp/hard\libc_nano.a(libc_a-mprec.o)
                0x080102c4                _Bfree
 .text.__multadd
                0x08010308       0x8c C:/ST/STM32CubeIDE_1.19.0/STM32CubeIDE/plugins/com.st.stm32cube.ide.mcu.externaltools.gnu-tools-for-stm32.13.3.rel1.win32_1.0.0.202411081344/tools/bin/../lib/gcc/arm-none-eabi/13.3.1/../../../../arm-none-eabi/lib/thumb/v7e-m+fp/hard\libc_nano.a(libc_a-mprec.o)
                0x08010308                __multadd
 .text.__hi0bits
                0x08010394       0x3e C:/ST/STM32CubeIDE_1.19.0/STM32CubeIDE/plugins/com.st.stm32cube.ide.mcu.externaltools.gnu-tools-for-stm32.13.3.rel1.win32_1.0.0.202411081344/tools/bin/../lib/gcc/arm-none-eabi/13.3.1/../../../../arm-none-eabi/lib/thumb/v7e-m+fp/hard\libc_nano.a(libc_a-mprec.o)
                0x08010394                __hi0bits
 .text.__lo0bits
                0x080103d2       0x5a C:/ST/STM32CubeIDE_1.19.0/STM32CubeIDE/plugins/com.st.stm32cube.ide.mcu.externaltools.gnu-tools-for-stm32.13.3.rel1.win32_1.0.0.202411081344/tools/bin/../lib/gcc/arm-none-eabi/13.3.1/../../../../arm-none-eabi/lib/thumb/v7e-m+fp/hard\libc_nano.a(libc_a-mprec.o)
                0x080103d2                __lo0bits
 .text.__i2b    0x0801042c       0x2c C:/ST/STM32CubeIDE_1.19.0/STM32CubeIDE/plugins/com.st.stm32cube.ide.mcu.externaltools.gnu-tools-for-stm32.13.3.rel1.win32_1.0.0.202411081344/tools/bin/../lib/gcc/arm-none-eabi/13.3.1/../../../../arm-none-eabi/lib/thumb/v7e-m+fp/hard\libc_nano.a(libc_a-mprec.o)
                0x0801042c                __i2b
 .text.__multiply
                0x08010458      0x144 C:/ST/STM32CubeIDE_1.19.0/STM32CubeIDE/plugins/com.st.stm32cube.ide.mcu.externaltools.gnu-tools-for-stm32.13.3.rel1.win32_1.0.0.202411081344/tools/bin/../lib/gcc/arm-none-eabi/13.3.1/../../../../arm-none-eabi/lib/thumb/v7e-m+fp/hard\libc_nano.a(libc_a-mprec.o)
                0x08010458                __multiply
 .text.__pow5mult
                0x0801059c       0xb4 C:/ST/STM32CubeIDE_1.19.0/STM32CubeIDE/plugins/com.st.stm32cube.ide.mcu.externaltools.gnu-tools-for-stm32.13.3.rel1.win32_1.0.0.202411081344/tools/bin/../lib/gcc/arm-none-eabi/13.3.1/../../../../arm-none-eabi/lib/thumb/v7e-m+fp/hard\libc_nano.a(libc_a-mprec.o)
                0x0801059c                __pow5mult
 .text.__lshift
                0x08010650       0xd8 C:/ST/STM32CubeIDE_1.19.0/STM32CubeIDE/plugins/com.st.stm32cube.ide.mcu.externaltools.gnu-tools-for-stm32.13.3.rel1.win32_1.0.0.202411081344/tools/bin/../lib/gcc/arm-none-eabi/13.3.1/../../../../arm-none-eabi/lib/thumb/v7e-m+fp/hard\libc_nano.a(libc_a-mprec.o)
                0x08010650                __lshift
 .text.__mcmp   0x08010728       0x36 C:/ST/STM32CubeIDE_1.19.0/STM32CubeIDE/plugins/com.st.stm32cube.ide.mcu.externaltools.gnu-tools-for-stm32.13.3.rel1.win32_1.0.0.202411081344/tools/bin/../lib/gcc/arm-none-eabi/13.3.1/../../../../arm-none-eabi/lib/thumb/v7e-m+fp/hard\libc_nano.a(libc_a-mprec.o)
                0x08010728                __mcmp
 *fill*         0x0801075e        0x2 
 .text.__mdiff  0x08010760      0x128 C:/ST/STM32CubeIDE_1.19.0/STM32CubeIDE/plugins/com.st.stm32cube.ide.mcu.externaltools.gnu-tools-for-stm32.13.3.rel1.win32_1.0.0.202411081344/tools/bin/../lib/gcc/arm-none-eabi/13.3.1/../../../../arm-none-eabi/lib/thumb/v7e-m+fp/hard\libc_nano.a(libc_a-mprec.o)
                0x08010760                __mdiff
 .text.__d2b    0x08010888       0xb0 C:/ST/STM32CubeIDE_1.19.0/STM32CubeIDE/plugins/com.st.stm32cube.ide.mcu.externaltools.gnu-tools-for-stm32.13.3.rel1.win32_1.0.0.202411081344/tools/bin/../lib/gcc/arm-none-eabi/13.3.1/../../../../arm-none-eabi/lib/thumb/v7e-m+fp/hard\libc_nano.a(libc_a-mprec.o)
                0x08010888                __d2b
 .text._malloc_usable_size_r
                0x08010938       0x10 C:/ST/STM32CubeIDE_1.19.0/STM32CubeIDE/plugins/com.st.stm32cube.ide.mcu.externaltools.gnu-tools-for-stm32.13.3.rel1.win32_1.0.0.202411081344/tools/bin/../lib/gcc/arm-none-eabi/13.3.1/../../../../arm-none-eabi/lib/thumb/v7e-m+fp/hard\libc_nano.a(libc_a-msizer.o)
                0x08010938                _malloc_usable_size_r
 .text.__ssputs_r
                0x08010948       0xb6 C:/ST/STM32CubeIDE_1.19.0/STM32CubeIDE/plugins/com.st.stm32cube.ide.mcu.externaltools.gnu-tools-for-stm32.13.3.rel1.win32_1.0.0.202411081344/tools/bin/../lib/gcc/arm-none-eabi/13.3.1/../../../../arm-none-eabi/lib/thumb/v7e-m+fp/hard\libc_nano.a(libc_a-nano-svfprintf.o)
                0x08010948                __ssputs_r
 *fill*         0x080109fe        0x2 
 .text._svfprintf_r
                0x08010a00      0x1f8 C:/ST/STM32CubeIDE_1.19.0/STM32CubeIDE/plugins/com.st.stm32cube.ide.mcu.externaltools.gnu-tools-for-stm32.13.3.rel1.win32_1.0.0.202411081344/tools/bin/../lib/gcc/arm-none-eabi/13.3.1/../../../../arm-none-eabi/lib/thumb/v7e-m+fp/hard\libc_nano.a(libc_a-nano-svfprintf.o)
                0x08010a00                _svfiprintf_r
                0x08010a00                _svfprintf_r
 .text.__sflush_r
                0x08010bf8      0x108 C:/ST/STM32CubeIDE_1.19.0/STM32CubeIDE/plugins/com.st.stm32cube.ide.mcu.externaltools.gnu-tools-for-stm32.13.3.rel1.win32_1.0.0.202411081344/tools/bin/../lib/gcc/arm-none-eabi/13.3.1/../../../../arm-none-eabi/lib/thumb/v7e-m+fp/hard\libc_nano.a(libc_a-fflush.o)
                0x08010bf8                __sflush_r
 .text._fflush_r
                0x08010d00       0x50 C:/ST/STM32CubeIDE_1.19.0/STM32CubeIDE/plugins/com.st.stm32cube.ide.mcu.externaltools.gnu-tools-for-stm32.13.3.rel1.win32_1.0.0.202411081344/tools/bin/../lib/gcc/arm-none-eabi/13.3.1/../../../../arm-none-eabi/lib/thumb/v7e-m+fp/hard\libc_nano.a(libc_a-fflush.o)
                0x08010d00                _fflush_r
 .text.__assert_func
                0x08010d50       0x3c C:/ST/STM32CubeIDE_1.19.0/STM32CubeIDE/plugins/com.st.stm32cube.ide.mcu.externaltools.gnu-tools-for-stm32.13.3.rel1.win32_1.0.0.202411081344/tools/bin/../lib/gcc/arm-none-eabi/13.3.1/../../../../arm-none-eabi/lib/thumb/v7e-m+fp/hard\libc_nano.a(libc_a-assert.o)
                0x08010d50                __assert_func
 .text.__ascii_mbtowc
                0x08010d8c       0x24 C:/ST/STM32CubeIDE_1.19.0/STM32CubeIDE/plugins/com.st.stm32cube.ide.mcu.externaltools.gnu-tools-for-stm32.13.3.rel1.win32_1.0.0.202411081344/tools/bin/../lib/gcc/arm-none-eabi/13.3.1/../../../../arm-none-eabi/lib/thumb/v7e-m+fp/hard\libc_nano.a(libc_a-mbtowc_r.o)
                0x08010d8c                __ascii_mbtowc
 .text.__ascii_wctomb
                0x08010db0       0x1a C:/ST/STM32CubeIDE_1.19.0/STM32CubeIDE/plugins/com.st.stm32cube.ide.mcu.externaltools.gnu-tools-for-stm32.13.3.rel1.win32_1.0.0.202411081344/tools/bin/../lib/gcc/arm-none-eabi/13.3.1/../../../../arm-none-eabi/lib/thumb/v7e-m+fp/hard\libc_nano.a(libc_a-wctomb_r.o)
                0x08010db0                __ascii_wctomb
 *fill*         0x08010dca        0x2 
 .text.fprintf  0x08010dcc       0x24 C:/ST/STM32CubeIDE_1.19.0/STM32CubeIDE/plugins/com.st.stm32cube.ide.mcu.externaltools.gnu-tools-for-stm32.13.3.rel1.win32_1.0.0.202411081344/tools/bin/../lib/gcc/arm-none-eabi/13.3.1/../../../../arm-none-eabi/lib/thumb/v7e-m+fp/hard\libc_nano.a(libc_a-fprintf.o)
                0x08010dcc                fiprintf
                0x08010dcc                fprintf
 .text.abort    0x08010df0        0xe C:/ST/STM32CubeIDE_1.19.0/STM32CubeIDE/plugins/com.st.stm32cube.ide.mcu.externaltools.gnu-tools-for-stm32.13.3.rel1.win32_1.0.0.202411081344/tools/bin/../lib/gcc/arm-none-eabi/13.3.1/../../../../arm-none-eabi/lib/thumb/v7e-m+fp/hard\libc_nano.a(libc_a-abort.o)
                0x08010df0                abort
 .text.__sfputc_r
                0x08010dfe       0x2e C:/ST/STM32CubeIDE_1.19.0/STM32CubeIDE/plugins/com.st.stm32cube.ide.mcu.externaltools.gnu-tools-for-stm32.13.3.rel1.win32_1.0.0.202411081344/tools/bin/../lib/gcc/arm-none-eabi/13.3.1/../../../../arm-none-eabi/lib/thumb/v7e-m+fp/hard\libc_nano.a(libc_a-nano-vfprintf.o)
 .text.__sfputs_r
                0x08010e2c       0x24 C:/ST/STM32CubeIDE_1.19.0/STM32CubeIDE/plugins/com.st.stm32cube.ide.mcu.externaltools.gnu-tools-for-stm32.13.3.rel1.win32_1.0.0.202411081344/tools/bin/../lib/gcc/arm-none-eabi/13.3.1/../../../../arm-none-eabi/lib/thumb/v7e-m+fp/hard\libc_nano.a(libc_a-nano-vfprintf.o)
                0x08010e2c                __sfputs_r
 .text._vfprintf_r
                0x08010e50      0x230 C:/ST/STM32CubeIDE_1.19.0/STM32CubeIDE/plugins/com.st.stm32cube.ide.mcu.externaltools.gnu-tools-for-stm32.13.3.rel1.win32_1.0.0.202411081344/tools/bin/../lib/gcc/arm-none-eabi/13.3.1/../../../../arm-none-eabi/lib/thumb/v7e-m+fp/hard\libc_nano.a(libc_a-nano-vfprintf.o)
                0x08010e50                _vfprintf_r
                0x08010e50                _vfiprintf_r
 .text.__swbuf_r
                0x08011080       0x7c C:/ST/STM32CubeIDE_1.19.0/STM32CubeIDE/plugins/com.st.stm32cube.ide.mcu.externaltools.gnu-tools-for-stm32.13.3.rel1.win32_1.0.0.202411081344/tools/bin/../lib/gcc/arm-none-eabi/13.3.1/../../../../arm-none-eabi/lib/thumb/v7e-m+fp/hard\libc_nano.a(libc_a-wbuf.o)
                0x08011080                __swbuf_r
 .text.__swsetup_r
                0x080110fc       0xac C:/ST/STM32CubeIDE_1.19.0/STM32CubeIDE/plugins/com.st.stm32cube.ide.mcu.externaltools.gnu-tools-for-stm32.13.3.rel1.win32_1.0.0.202411081344/tools/bin/../lib/gcc/arm-none-eabi/13.3.1/../../../../arm-none-eabi/lib/thumb/v7e-m+fp/hard\libc_nano.a(libc_a-wsetup.o)
                0x080110fc                __swsetup_r
 .text._raise_r
                0x080111a8       0x50 C:/ST/STM32CubeIDE_1.19.0/STM32CubeIDE/plugins/com.st.stm32cube.ide.mcu.externaltools.gnu-tools-for-stm32.13.3.rel1.win32_1.0.0.202411081344/tools/bin/../lib/gcc/arm-none-eabi/13.3.1/../../../../arm-none-eabi/lib/thumb/v7e-m+fp/hard\libc_nano.a(libc_a-signal.o)
                0x080111a8                _raise_r
 .text.raise    0x080111f8       0x10 C:/ST/STM32CubeIDE_1.19.0/STM32CubeIDE/plugins/com.st.stm32cube.ide.mcu.externaltools.gnu-tools-for-stm32.13.3.rel1.win32_1.0.0.202411081344/tools/bin/../lib/gcc/arm-none-eabi/13.3.1/../../../../arm-none-eabi/lib/thumb/v7e-m+fp/hard\libc_nano.a(libc_a-signal.o)
                0x080111f8                raise
 .text._kill_r  0x08011208       0x24 C:/ST/STM32CubeIDE_1.19.0/STM32CubeIDE/plugins/com.st.stm32cube.ide.mcu.externaltools.gnu-tools-for-stm32.13.3.rel1.win32_1.0.0.202411081344/tools/bin/../lib/gcc/arm-none-eabi/13.3.1/../../../../arm-none-eabi/lib/thumb/v7e-m+fp/hard\libc_nano.a(libc_a-signalr.o)
                0x08011208                _kill_r
 .text._getpid_r
                0x0801122c        0x4 C:/ST/STM32CubeIDE_1.19.0/STM32CubeIDE/plugins/com.st.stm32cube.ide.mcu.externaltools.gnu-tools-for-stm32.13.3.rel1.win32_1.0.0.202411081344/tools/bin/../lib/gcc/arm-none-eabi/13.3.1/../../../../arm-none-eabi/lib/thumb/v7e-m+fp/hard\libc_nano.a(libc_a-signalr.o)
                0x0801122c                _getpid_r
 .text.__swhatbuf_r
                0x08011230       0x4c C:/ST/STM32CubeIDE_1.19.0/STM32CubeIDE/plugins/com.st.stm32cube.ide.mcu.externaltools.gnu-tools-for-stm32.13.3.rel1.win32_1.0.0.202411081344/tools/bin/../lib/gcc/arm-none-eabi/13.3.1/../../../../arm-none-eabi/lib/thumb/v7e-m+fp/hard\libc_nano.a(libc_a-makebuf.o)
                0x08011230                __swhatbuf_r
 .text.__smakebuf_r
                0x0801127c       0x78 C:/ST/STM32CubeIDE_1.19.0/STM32CubeIDE/plugins/com.st.stm32cube.ide.mcu.externaltools.gnu-tools-for-stm32.13.3.rel1.win32_1.0.0.202411081344/tools/bin/../lib/gcc/arm-none-eabi/13.3.1/../../../../arm-none-eabi/lib/thumb/v7e-m+fp/hard\libc_nano.a(libc_a-makebuf.o)
                0x0801127c                __smakebuf_r
 .text._fstat_r
                0x080112f4       0x24 C:/ST/STM32CubeIDE_1.19.0/STM32CubeIDE/plugins/com.st.stm32cube.ide.mcu.externaltools.gnu-tools-for-stm32.13.3.rel1.win32_1.0.0.202411081344/tools/bin/../lib/gcc/arm-none-eabi/13.3.1/../../../../arm-none-eabi/lib/thumb/v7e-m+fp/hard\libc_nano.a(libc_a-fstatr.o)
                0x080112f4                _fstat_r
 .text._isatty_r
                0x08011318       0x20 C:/ST/STM32CubeIDE_1.19.0/STM32CubeIDE/plugins/com.st.stm32cube.ide.mcu.externaltools.gnu-tools-for-stm32.13.3.rel1.win32_1.0.0.202411081344/tools/bin/../lib/gcc/arm-none-eabi/13.3.1/../../../../arm-none-eabi/lib/thumb/v7e-m+fp/hard\libc_nano.a(libc_a-isattyr.o)
                0x08011318                _isatty_r
 *(.glue_7)
 .glue_7        0x08011338        0x0 linker stubs
 *(.glue_7t)
 .glue_7t       0x08011338        0x0 linker stubs
 *(.eh_frame)
 .eh_frame      0x08011338        0x0 C:/ST/STM32CubeIDE_1.19.0/STM32CubeIDE/plugins/com.st.stm32cube.ide.mcu.externaltools.gnu-tools-for-stm32.13.3.rel1.win32_1.0.0.202411081344/tools/bin/../lib/gcc/arm-none-eabi/13.3.1/thumb/v7e-m+fp/hard/crtbegin.o
 *(.init)
 .init          0x08011338        0x4 C:/ST/STM32CubeIDE_1.19.0/STM32CubeIDE/plugins/com.st.stm32cube.ide.mcu.externaltools.gnu-tools-for-stm32.13.3.rel1.win32_1.0.0.202411081344/tools/bin/../lib/gcc/arm-none-eabi/13.3.1/thumb/v7e-m+fp/hard/crti.o
                0x08011338                _init
 .init          0x0801133c        0x8 C:/ST/STM32CubeIDE_1.19.0/STM32CubeIDE/plugins/com.st.stm32cube.ide.mcu.externaltools.gnu-tools-for-stm32.13.3.rel1.win32_1.0.0.202411081344/tools/bin/../lib/gcc/arm-none-eabi/13.3.1/thumb/v7e-m+fp/hard/crtn.o
 *(.fini)
 .fini          0x08011344        0x4 C:/ST/STM32CubeIDE_1.19.0/STM32CubeIDE/plugins/com.st.stm32cube.ide.mcu.externaltools.gnu-tools-for-stm32.13.3.rel1.win32_1.0.0.202411081344/tools/bin/../lib/gcc/arm-none-eabi/13.3.1/thumb/v7e-m+fp/hard/crti.o
                0x08011344                _fini
 .fini          0x08011348        0x8 C:/ST/STM32CubeIDE_1.19.0/STM32CubeIDE/plugins/com.st.stm32cube.ide.mcu.externaltools.gnu-tools-for-stm32.13.3.rel1.win32_1.0.0.202411081344/tools/bin/../lib/gcc/arm-none-eabi/13.3.1/thumb/v7e-m+fp/hard/crtn.o
                0x08011350                        . = ALIGN (0x4)
                0x08011350                        _etext = .

.vfp11_veneer   0x08011350        0x0
 .vfp11_veneer  0x08011350        0x0 linker stubs

.v4_bx          0x08011350        0x0
 .v4_bx         0x08011350        0x0 linker stubs

.iplt           0x08011350        0x0
 .iplt          0x08011350        0x0 C:/ST/STM32CubeIDE_1.19.0/STM32CubeIDE/plugins/com.st.stm32cube.ide.mcu.externaltools.gnu-tools-for-stm32.13.3.rel1.win32_1.0.0.202411081344/tools/bin/../lib/gcc/arm-none-eabi/13.3.1/thumb/v7e-m+fp/hard/crtbegin.o

.rodata         0x08011350      0x44c
                0x08011350                        . = ALIGN (0x4)
 *(.rodata)
 .rodata        0x08011350       0x48 ./Core/Src/main.o
 .rodata        0x08011398        0x5 ./Middlewares/Third_Party/FreeRTOS/Source/tasks.o
 *fill*         0x0801139d        0x3 
 .rodata        0x080113a0        0xd ./Middlewares/Third_Party/FreeRTOS/Source/timers.o
 *(.rodata*)
 *fill*         0x080113ad        0x3 
 .rodata.LibraryHandler_attributes
                0x080113b0       0x24 ./Core/Src/main.o
                0x080113b0                LibraryHandler_attributes